Archive member included to satisfy reference by file (symbol)

c:/st/stm32cubeide_1.10.1/stm32cubeide/plugins/com.st.stm32cube.ide.mcu.externaltools.gnu-tools-for-stm32.10.3-2021.10.win32_1.0.0.202111181127/tools/bin/../lib/gcc/arm-none-eabi/10.3.1/../../../../arm-none-eabi/lib/thumb/v6-m/nofp\libc_nano.a(lib_a-errno.o)
                              ./Core/Src/syscalls.o (__errno)
c:/st/stm32cubeide_1.10.1/stm32cubeide/plugins/com.st.stm32cube.ide.mcu.externaltools.gnu-tools-for-stm32.10.3-2021.10.win32_1.0.0.202111181127/tools/bin/../lib/gcc/arm-none-eabi/10.3.1/../../../../arm-none-eabi/lib/thumb/v6-m/nofp\libc_nano.a(lib_a-exit.o)
                              c:/st/stm32cubeide_1.10.1/stm32cubeide/plugins/com.st.stm32cube.ide.mcu.externaltools.gnu-tools-for-stm32.10.3-2021.10.win32_1.0.0.202111181127/tools/bin/../lib/gcc/arm-none-eabi/10.3.1/../../../../arm-none-eabi/lib/thumb/v6-m/nofp/crt0.o (exit)
c:/st/stm32cubeide_1.10.1/stm32cubeide/plugins/com.st.stm32cube.ide.mcu.externaltools.gnu-tools-for-stm32.10.3-2021.10.win32_1.0.0.202111181127/tools/bin/../lib/gcc/arm-none-eabi/10.3.1/../../../../arm-none-eabi/lib/thumb/v6-m/nofp\libc_nano.a(lib_a-impure.o)
                              c:/st/stm32cubeide_1.10.1/stm32cubeide/plugins/com.st.stm32cube.ide.mcu.externaltools.gnu-tools-for-stm32.10.3-2021.10.win32_1.0.0.202111181127/tools/bin/../lib/gcc/arm-none-eabi/10.3.1/../../../../arm-none-eabi/lib/thumb/v6-m/nofp\libc_nano.a(lib_a-exit.o) (_global_impure_ptr)
c:/st/stm32cubeide_1.10.1/stm32cubeide/plugins/com.st.stm32cube.ide.mcu.externaltools.gnu-tools-for-stm32.10.3-2021.10.win32_1.0.0.202111181127/tools/bin/../lib/gcc/arm-none-eabi/10.3.1/../../../../arm-none-eabi/lib/thumb/v6-m/nofp\libc_nano.a(lib_a-init.o)
                              c:/st/stm32cubeide_1.10.1/stm32cubeide/plugins/com.st.stm32cube.ide.mcu.externaltools.gnu-tools-for-stm32.10.3-2021.10.win32_1.0.0.202111181127/tools/bin/../lib/gcc/arm-none-eabi/10.3.1/../../../../arm-none-eabi/lib/thumb/v6-m/nofp/crt0.o (__libc_init_array)
c:/st/stm32cubeide_1.10.1/stm32cubeide/plugins/com.st.stm32cube.ide.mcu.externaltools.gnu-tools-for-stm32.10.3-2021.10.win32_1.0.0.202111181127/tools/bin/../lib/gcc/arm-none-eabi/10.3.1/../../../../arm-none-eabi/lib/thumb/v6-m/nofp\libc_nano.a(lib_a-memset.o)
                              c:/st/stm32cubeide_1.10.1/stm32cubeide/plugins/com.st.stm32cube.ide.mcu.externaltools.gnu-tools-for-stm32.10.3-2021.10.win32_1.0.0.202111181127/tools/bin/../lib/gcc/arm-none-eabi/10.3.1/../../../../arm-none-eabi/lib/thumb/v6-m/nofp/crt0.o (memset)
c:/st/stm32cubeide_1.10.1/stm32cubeide/plugins/com.st.stm32cube.ide.mcu.externaltools.gnu-tools-for-stm32.10.3-2021.10.win32_1.0.0.202111181127/tools/bin/../lib/gcc/arm-none-eabi/10.3.1/thumb/v6-m/nofp\libgcc.a(_udivsi3.o)
                              ./Core/Src/system_stm32f0xx.o (__aeabi_uidiv)
c:/st/stm32cubeide_1.10.1/stm32cubeide/plugins/com.st.stm32cube.ide.mcu.externaltools.gnu-tools-for-stm32.10.3-2021.10.win32_1.0.0.202111181127/tools/bin/../lib/gcc/arm-none-eabi/10.3.1/thumb/v6-m/nofp\libgcc.a(_dvmd_tls.o)
                              c:/st/stm32cubeide_1.10.1/stm32cubeide/plugins/com.st.stm32cube.ide.mcu.externaltools.gnu-tools-for-stm32.10.3-2021.10.win32_1.0.0.202111181127/tools/bin/../lib/gcc/arm-none-eabi/10.3.1/thumb/v6-m/nofp\libgcc.a(_udivsi3.o) (__aeabi_idiv0)

Discarded input sections

 .text          0x0000000000000000        0x0 c:/st/stm32cubeide_1.10.1/stm32cubeide/plugins/com.st.stm32cube.ide.mcu.externaltools.gnu-tools-for-stm32.10.3-2021.10.win32_1.0.0.202111181127/tools/bin/../lib/gcc/arm-none-eabi/10.3.1/thumb/v6-m/nofp/crti.o
 .data          0x0000000000000000        0x0 c:/st/stm32cubeide_1.10.1/stm32cubeide/plugins/com.st.stm32cube.ide.mcu.externaltools.gnu-tools-for-stm32.10.3-2021.10.win32_1.0.0.202111181127/tools/bin/../lib/gcc/arm-none-eabi/10.3.1/thumb/v6-m/nofp/crti.o
 .bss           0x0000000000000000        0x0 c:/st/stm32cubeide_1.10.1/stm32cubeide/plugins/com.st.stm32cube.ide.mcu.externaltools.gnu-tools-for-stm32.10.3-2021.10.win32_1.0.0.202111181127/tools/bin/../lib/gcc/arm-none-eabi/10.3.1/thumb/v6-m/nofp/crti.o
 .data          0x0000000000000000        0x4 c:/st/stm32cubeide_1.10.1/stm32cubeide/plugins/com.st.stm32cube.ide.mcu.externaltools.gnu-tools-for-stm32.10.3-2021.10.win32_1.0.0.202111181127/tools/bin/../lib/gcc/arm-none-eabi/10.3.1/thumb/v6-m/nofp/crtbegin.o
 .rodata        0x0000000000000000       0x24 c:/st/stm32cubeide_1.10.1/stm32cubeide/plugins/com.st.stm32cube.ide.mcu.externaltools.gnu-tools-for-stm32.10.3-2021.10.win32_1.0.0.202111181127/tools/bin/../lib/gcc/arm-none-eabi/10.3.1/thumb/v6-m/nofp/crtbegin.o
 .text          0x0000000000000000       0x80 c:/st/stm32cubeide_1.10.1/stm32cubeide/plugins/com.st.stm32cube.ide.mcu.externaltools.gnu-tools-for-stm32.10.3-2021.10.win32_1.0.0.202111181127/tools/bin/../lib/gcc/arm-none-eabi/10.3.1/../../../../arm-none-eabi/lib/thumb/v6-m/nofp/crt0.o
[...]
Memory Configuration

Name             Origin             Length             Attributes
RAM              0x0000000020000000 0x0000000000002000 xrw
FLASH            0x0000000008000000 0x0000000000010000 xr
*default*        0x0000000000000000 0xffffffffffffffff

Linker script and memory map

LOAD c:/st/stm32cubeide_1.10.1/stm32cubeide/plugins/com.st.stm32cube.ide.mcu.externaltools.gnu-tools-for-stm32.10.3-2021.10.win32_1.0.0.202111181127/tools/bin/../lib/gcc/arm-none-eabi/10.3.1/thumb/v6-m/nofp/crti.o
LOAD c:/st/stm32cubeide_1.10.1/stm32cubeide/plugins/com.st.stm32cube.ide.mcu.externaltools.gnu-tools-for-stm32.10.3-2021.10.win32_1.0.0.202111181127/tools/bin/../lib/gcc/arm-none-eabi/10.3.1/thumb/v6-m/nofp/crtbegin.o
LOAD c:/st/stm32cubeide_1.10.1/stm32cubeide/plugins/com.st.stm32cube.ide.mcu.externaltools.gnu-tools-for-stm32.10.3-2021.10.win32_1.0.0.202111181127/tools/bin/../lib/gcc/arm-none-eabi/10.3.1/../../../../arm-none-eabi/lib/thumb/v6-m/nofp/crt0.o
LOAD ./Core/Src/SpiPort.o
LOAD ./Core/Src/main.o
LOAD ./Core/Src/stm32f0xx_hal_msp.o
LOAD ./Core/Src/stm32f0xx_it.o
LOAD ./Core/Src/syscalls.o
LOAD ./Core/Src/sysmem.o
LOAD ./Core/Src/system_stm32f0xx.o
LOAD ./Core/Startup/startup_stm32f030r8tx.o
LOAD ./Drivers/STM32F0xx_HAL_Driver/Src/stm32f0xx_hal.o
LOAD ./Drivers/STM32F0xx_HAL_Driver/Src/stm32f0xx_hal_cortex.o
LOAD ./Drivers/STM32F0xx_HAL_Driver/Src/stm32f0xx_hal_dma.o
LOAD ./Drivers/STM32F0xx_HAL_Driver/Src/stm32f0xx_hal_flash.o
LOAD ./Drivers/STM32F0xx_HAL_Driver/Src/stm32f0xx_hal_flash_ex.o
LOAD ./Drivers/STM32F0xx_HAL_Driver/Src/stm32f0xx_hal_gpio.o
LOAD ./Drivers/STM32F0xx_HAL_Driver/Src/stm32f0xx_hal_i2c.o
LOAD ./Drivers/STM32F0xx_HAL_Driver/Src/stm32f0xx_hal_i2c_ex.o
LOAD ./Drivers/STM32F0xx_HAL_Driver/Src/stm32f0xx_hal_pwr.o
LOAD ./Drivers/STM32F0xx_HAL_Driver/Src/stm32f0xx_hal_pwr_ex.o
LOAD ./Drivers/STM32F0xx_HAL_Driver/Src/stm32f0xx_hal_rcc.o
LOAD ./Drivers/STM32F0xx_HAL_Driver/Src/stm32f0xx_hal_rcc_ex.o
LOAD ./Drivers/STM32F0xx_HAL_Driver/Src/stm32f0xx_hal_spi.o
LOAD ./Drivers/STM32F0xx_HAL_Driver/Src/stm32f0xx_hal_spi_ex.o
LOAD ./Drivers/STM32F0xx_HAL_Driver/Src/stm32f0xx_hal_tim.o
LOAD ./Drivers/STM32F0xx_HAL_Driver/Src/stm32f0xx_hal_tim_ex.o
LOAD ./Drivers/STM32F0xx_HAL_Driver/Src/stm32f0xx_hal_uart.o
LOAD ./Drivers/STM32F0xx_HAL_Driver/Src/stm32f0xx_hal_uart_ex.o
START GROUP
LOAD c:/st/stm32cubeide_1.10.1/stm32cubeide/plugins/com.st.stm32cube.ide.mcu.externaltools.gnu-tools-for-stm32.10.3-2021.10.win32_1.0.0.202111181127/tools/bin/../lib/gcc/arm-none-eabi/10.3.1/../../../../arm-none-eabi/lib/thumb/v6-m/nofp\libstdc++_nano.a
LOAD c:/st/stm32cubeide_1.10.1/stm32cubeide/plugins/com.st.stm32cube.ide.mcu.externaltools.gnu-tools-for-stm32.10.3-2021.10.win32_1.0.0.202111181127/tools/bin/../lib/gcc/arm-none-eabi/10.3.1/../../../../arm-none-eabi/lib/thumb/v6-m/nofp\libsupc++_nano.a
END GROUP
LOAD c:/st/stm32cubeide_1.10.1/stm32cubeide/plugins/com.st.stm32cube.ide.mcu.externaltools.gnu-tools-for-stm32.10.3-2021.10.win32_1.0.0.202111181127/tools/bin/../lib/gcc/arm-none-eabi/10.3.1/../../../../arm-none-eabi/lib/thumb/v6-m/nofp\libstdc++_nano.a
LOAD c:/st/stm32cubeide_1.10.1/stm32cubeide/plugins/com.st.stm32cube.ide.mcu.externaltools.gnu-tools-for-stm32.10.3-2021.10.win32_1.0.0.202111181127/tools/bin/../lib/gcc/arm-none-eabi/10.3.1/../../../../arm-none-eabi/lib/thumb/v6-m/nofp\libm.a
LOAD c:/st/stm32cubeide_1.10.1/stm32cubeide/plugins/com.st.stm32cube.ide.mcu.externaltools.gnu-tools-for-stm32.10.3-2021.10.win32_1.0.0.202111181127/tools/bin/../lib/gcc/arm-none-eabi/10.3.1/../../../../arm-none-eabi/lib/thumb/v6-m/nofp\libc_nano.a
START GROUP
LOAD c:/st/stm32cubeide_1.10.1/stm32cubeide/plugins/com.st.stm32cube.ide.mcu.externaltools.gnu-tools-for-stm32.10.3-2021.10.win32_1.0.0.202111181127/tools/bin/../lib/gcc/arm-none-eabi/10.3.1/thumb/v6-m/nofp\libgcc.a
LOAD c:/st/stm32cubeide_1.10.1/stm32cubeide/plugins/com.st.stm32cube.ide.mcu.externaltools.gnu-tools-for-stm32.10.3-2021.10.win32_1.0.0.202111181127/tools/bin/../lib/gcc/arm-none-eabi/10.3.1/../../../../arm-none-eabi/lib/thumb/v6-m/nofp\libc_nano.a
END GROUP
START GROUP
LOAD c:/st/stm32cubeide_1.10.1/stm32cubeide/plugins/com.st.stm32cube.ide.mcu.externaltools.gnu-tools-for-stm32.10.3-2021.10.win32_1.0.0.202111181127/tools/bin/../lib/gcc/arm-none-eabi/10.3.1/thumb/v6-m/nofp\libgcc.a
LOAD c:/st/stm32cubeide_1.10.1/stm32cubeide/plugins/com.st.stm32cube.ide.mcu.externaltools.gnu-tools-for-stm32.10.3-2021.10.win32_1.0.0.202111181127/tools/bin/../lib/gcc/arm-none-eabi/10.3.1/../../../../arm-none-eabi/lib/thumb/v6-m/nofp\libc_nano.a
LOAD c:/st/stm32cubeide_1.10.1/stm32cubeide/plugins/com.st.stm32cube.ide.mcu.externaltools.gnu-tools-for-stm32.10.3-2021.10.win32_1.0.0.202111181127/tools/bin/../lib/gcc/arm-none-eabi/10.3.1/../../../../arm-none-eabi/lib/thumb/v6-m/nofp\libnosys.a
END GROUP
START GROUP
LOAD c:/st/stm32cubeide_1.10.1/stm32cubeide/plugins/com.st.stm32cube.ide.mcu.externaltools.gnu-tools-for-stm32.10.3-2021.10.win32_1.0.0.202111181127/tools/bin/../lib/gcc/arm-none-eabi/10.3.1/thumb/v6-m/nofp\libgcc.a
LOAD c:/st/stm32cubeide_1.10.1/stm32cubeide/plugins/com.st.stm32cube.ide.mcu.externaltools.gnu-tools-for-stm32.10.3-2021.10.win32_1.0.0.202111181127/tools/bin/../lib/gcc/arm-none-eabi/10.3.1/../../../../arm-none-eabi/lib/thumb/v6-m/nofp\libc_nano.a
LOAD c:/st/stm32cubeide_1.10.1/stm32cubeide/plugins/com.st.stm32cube.ide.mcu.externaltools.gnu-tools-for-stm32.10.3-2021.10.win32_1.0.0.202111181127/tools/bin/../lib/gcc/arm-none-eabi/10.3.1/../../../../arm-none-eabi/lib/thumb/v6-m/nofp\libnosys.a
END GROUP
LOAD c:/st/stm32cubeide_1.10.1/stm32cubeide/plugins/com.st.stm32cube.ide.mcu.externaltools.gnu-tools-for-stm32.10.3-2021.10.win32_1.0.0.202111181127/tools/bin/../lib/gcc/arm-none-eabi/10.3.1/thumb/v6-m/nofp/crtend.o
LOAD c:/st/stm32cubeide_1.10.1/stm32cubeide/plugins/com.st.stm32cube.ide.mcu.externaltools.gnu-tools-for-stm32.10.3-2021.10.win32_1.0.0.202111181127/tools/bin/../lib/gcc/arm-none-eabi/10.3.1/thumb/v6-m/nofp/crtn.o
                0x0000000020002000                _estack = (ORIGIN (RAM) + LENGTH (RAM))
                0x0000000000000200                _Min_Heap_Size = 0x200
                0x0000000000000400                _Min_Stack_Size = 0x400

.isr_vector     0x0000000008000000       0xc0
                0x0000000008000000                . = ALIGN (0x4)
 *(.isr_vector)
 .isr_vector    0x0000000008000000       0xc0 ./Core/Startup/startup_stm32f030r8tx.o
                0x0000000008000000                g_pfnVectors
                0x00000000080000c0                . = ALIGN (0x4)

.text           0x00000000080000c0     0x3cfc
                0x00000000080000c0                . = ALIGN (0x4)
 *(.text)
 .text          0x00000000080000c0       0x48 c:/st/stm32cubeide_1.10.1/stm32cubeide/plugins/com.st.stm32cube.ide.mcu.externaltools.gnu-tools-for-stm32.10.3-2021.10.win32_1.0.0.202111181127/tools/bin/../lib/gcc/arm-none-eabi/10.3.1/thumb/v6-m/nofp/crtbegin.o
 .text          0x0000000008000108      0x114 c:/st/stm32cubeide_1.10.1/stm32cubeide/plugins/com.st.stm32cube.ide.mcu.externaltools.gnu-tools-for-stm32.10.3-2021.10.win32_1.0.0.202111181127/tools/bin/../lib/gcc/arm-none-eabi/10.3.1/thumb/v6-m/nofp\libgcc.a(_udivsi3.o)
                0x0000000008000108                __aeabi_uidiv
                0x0000000008000108                __udivsi3
                0x0000000008000214                __aeabi_uidivmod
 .text          0x000000000800021c        0x4 c:/st/stm32cubeide_1.10.1/stm32cubeide/plugins/com.st.stm32cube.ide.mcu.externaltools.gnu-tools-for-stm32.10.3-2021.10.win32_1.0.0.202111181127/tools/bin/../lib/gcc/arm-none-eabi/10.3.1/thumb/v6-m/nofp\libgcc.a(_dvmd_tls.o)
                0x000000000800021c                __aeabi_idiv0
                0x000000000800021c                __aeabi_ldiv0
 *(.text*)
 .text._ZN7SpiPortC2Ev
                0x0000000008000220       0x74 ./Core/Src/SpiPort.o
                0x0000000008000220                SpiPort::SpiPort()
                0x0000000008000220                SpiPort::SpiPort()
 .text._ZN7SpiPort5setCSEP12GPIO_TypeDefh
                0x0000000008000294       0x26 ./Core/Src/SpiPort.o
                0x0000000008000294                SpiPort::setCS(GPIO_TypeDef*, unsigned char)
 .text._ZN7SpiPort5setTxEPhS0_S0_S0_
                0x00000000080002ba       0x5e ./Core/Src/SpiPort.o
                0x00000000080002ba                SpiPort::setTx(unsigned char*, unsigned char*, unsigned char*, unsigned char*)
 .text._ZN7SpiPort6selectEv
                0x0000000008000318       0x24 ./Core/Src/SpiPort.o
                0x0000000008000318                SpiPort::select()
 .text._ZN7SpiPort8unSelectEv
                0x000000000800033c       0x24 ./Core/Src/SpiPort.o
                0x000000000800033c                SpiPort::unSelect()
 .text._ZN7SpiPort7rxCheckEv
                0x0000000008000360       0x3c ./Core/Src/SpiPort.o
                0x0000000008000360                SpiPort::rxCheck()
 .text._ZN7SpiPort9prevCheckEv
                0x000000000800039c       0x7a ./Core/Src/SpiPort.o
                0x000000000800039c                SpiPort::prevCheck()
 .text._ZN7SpiPort5getRxEv
                0x0000000008000416       0x12 ./Core/Src/SpiPort.o
                0x0000000008000416                SpiPort::getRx()
 .text._ZN7SpiPort5getTxEv
                0x0000000008000428       0x14 ./Core/Src/SpiPort.o
                0x0000000008000428                SpiPort::getTx()
 .text.HAL_UART_RxCpltCallback
                0x000000000800043c       0x78 ./Core/Src/main.o
                0x000000000800043c                HAL_UART_RxCpltCallback
 .text.HAL_UART_TxCpltCallback
                0x00000000080004b4       0x1c ./Core/Src/main.o
                0x00000000080004b4                HAL_UART_TxCpltCallback
 .text.HAL_SPI_TxRxCpltCallback
                0x00000000080004d0       0x1c ./Core/Src/main.o
                0x00000000080004d0                HAL_SPI_TxRxCpltCallback
 .text.HAL_TIM_PeriodElapsedCallback
                0x00000000080004ec       0x30 ./Core/Src/main.o
                0x00000000080004ec                HAL_TIM_PeriodElapsedCallback
 .text._Z15calculateRxSummPh
                0x000000000800051c       0xc4 ./Core/Src/main.o
                0x000000000800051c                calculateRxSumm(unsigned char*)
 .text.main     0x00000000080005e0      0x51c ./Core/Src/main.o
                0x00000000080005e0                main
 .text._Z18SystemClock_Configv
                0x0000000008000afc       0xa4 ./Core/Src/main.o
                0x0000000008000afc                SystemClock_Config()
 .text._ZL12MX_SPI1_Initv
                0x0000000008000ba0       0x84 ./Core/Src/main.o
 .text._ZL12MX_TIM6_Initv
                0x0000000008000c24       0x4c ./Core/Src/main.o
 .text._ZL19MX_USART2_UART_Initv
                0x0000000008000c70       0x68 ./Core/Src/main.o
 .text._ZL11MX_DMA_Initv
                0x0000000008000cd8       0x3c ./Core/Src/main.o
 .text._ZL12MX_GPIO_Initv
                0x0000000008000d14       0xe8 ./Core/Src/main.o
 .text.Error_Handler
                0x0000000008000dfc        0xa ./Core/Src/main.o
                0x0000000008000dfc                Error_Handler
 *fill*         0x0000000008000e06        0x2 
 .text._Z41__static_initialization_and_destruction_0ii
                0x0000000008000e08       0x40 ./Core/Src/main.o
 .text._GLOBAL__sub_I_hspi1
                0x0000000008000e48       0x18 ./Core/Src/main.o
 .text.HAL_MspInit
                0x0000000008000e60       0x48 ./Core/Src/stm32f0xx_hal_msp.o
                0x0000000008000e60                HAL_MspInit
 .text.HAL_SPI_MspInit
                0x0000000008000ea8      0x154 ./Core/Src/stm32f0xx_hal_msp.o
                0x0000000008000ea8                HAL_SPI_MspInit
 .text.HAL_TIM_Base_MspInit
                0x0000000008000ffc       0x4c ./Core/Src/stm32f0xx_hal_msp.o
                0x0000000008000ffc                HAL_TIM_Base_MspInit
 .text.HAL_UART_MspInit
                0x0000000008001048       0xa8 ./Core/Src/stm32f0xx_hal_msp.o
                0x0000000008001048                HAL_UART_MspInit
 .text.NMI_Handler
                0x00000000080010f0        0xa ./Core/Src/stm32f0xx_it.o
                0x00000000080010f0                NMI_Handler
 .text.HardFault_Handler
                0x00000000080010fa        0x6 ./Core/Src/stm32f0xx_it.o
                0x00000000080010fa                HardFault_Handler
 .text.SVC_Handler
                0x0000000008001100        0xa ./Core/Src/stm32f0xx_it.o
                0x0000000008001100                SVC_Handler
 .text.PendSV_Handler
                0x000000000800110a        0xa ./Core/Src/stm32f0xx_it.o
                0x000000000800110a                PendSV_Handler
 .text.SysTick_Handler
                0x0000000008001114        0xe ./Core/Src/stm32f0xx_it.o
                0x0000000008001114                SysTick_Handler
 *fill*         0x0000000008001122        0x2 
 .text.DMA1_Channel2_3_IRQHandler
                0x0000000008001124       0x24 ./Core/Src/stm32f0xx_it.o
                0x0000000008001124                DMA1_Channel2_3_IRQHandler
 .text.TIM6_IRQHandler
                0x0000000008001148       0x18 ./Core/Src/stm32f0xx_it.o
                0x0000000008001148                TIM6_IRQHandler
 .text.SPI1_IRQHandler
                0x0000000008001160       0x18 ./Core/Src/stm32f0xx_it.o
                0x0000000008001160                SPI1_IRQHandler
 .text.USART2_IRQHandler
                0x0000000008001178       0x18 ./Core/Src/stm32f0xx_it.o
                0x0000000008001178                USART2_IRQHandler
 .text.SystemInit
                0x0000000008001190       0x88 ./Core/Src/system_stm32f0xx.o
                0x0000000008001190                SystemInit
 .text.Reset_Handler
                0x0000000008001218       0x50 ./Core/Startup/startup_stm32f030r8tx.o
                0x0000000008001218                Reset_Handler
 .text.Default_Handler
                0x0000000008001268        0x2 ./Core/Startup/startup_stm32f030r8tx.o
                0x0000000008001268                TIM1_CC_IRQHandler
                0x0000000008001268                I2C1_IRQHandler
                0x0000000008001268                EXTI2_3_IRQHandler
                0x0000000008001268                ADC1_IRQHandler
                0x0000000008001268                I2C2_IRQHandler
                0x0000000008001268                TIM17_IRQHandler
                0x0000000008001268                RTC_IRQHandler
                0x0000000008001268                TIM16_IRQHandler
                0x0000000008001268                TIM3_IRQHandler
                0x0000000008001268                EXTI4_15_IRQHandler
                0x0000000008001268                RCC_IRQHandler
                0x0000000008001268                DMA1_Channel1_IRQHandler
                0x0000000008001268                Default_Handler
                0x0000000008001268                TIM14_IRQHandler
                0x0000000008001268                DMA1_Channel4_5_IRQHandler
                0x0000000008001268                TIM15_IRQHandler
                0x0000000008001268                EXTI0_1_IRQHandler
                0x0000000008001268                SPI2_IRQHandler
                0x0000000008001268                WWDG_IRQHandler
                0x0000000008001268                FLASH_IRQHandler
                0x0000000008001268                USART1_IRQHandler
                0x0000000008001268                TIM1_BRK_UP_TRG_COM_IRQHandler
 *fill*         0x000000000800126a        0x2 
 .text.HAL_Init
                0x000000000800126c       0x28 ./Drivers/STM32F0xx_HAL_Driver/Src/stm32f0xx_hal.o
                0x000000000800126c                HAL_Init
 .text.HAL_InitTick
                0x0000000008001294       0x38 ./Drivers/STM32F0xx_HAL_Driver/Src/stm32f0xx_hal.o
                0x0000000008001294                HAL_InitTick
 .text.HAL_IncTick
                0x00000000080012cc       0x18 ./Drivers/STM32F0xx_HAL_Driver/Src/stm32f0xx_hal.o
                0x00000000080012cc                HAL_IncTick
 .text.HAL_GetTick
                0x00000000080012e4       0x14 ./Drivers/STM32F0xx_HAL_Driver/Src/stm32f0xx_hal.o
                0x00000000080012e4                HAL_GetTick
 .text.NVIC_EnableIRQ
                0x00000000080012f8       0x2c ./Drivers/STM32F0xx_HAL_Driver/Src/stm32f0xx_hal_cortex.o
 .text.NVIC_SetPriority
                0x0000000008001324       0xdc ./Drivers/STM32F0xx_HAL_Driver/Src/stm32f0xx_hal_cortex.o
 .text.SysTick_Config
                0x0000000008001400       0x48 ./Drivers/STM32F0xx_HAL_Driver/Src/stm32f0xx_hal_cortex.o
 .text.HAL_NVIC_SetPriority
                0x0000000008001448       0x2a ./Drivers/STM32F0xx_HAL_Driver/Src/stm32f0xx_hal_cortex.o
                0x0000000008001448                HAL_NVIC_SetPriority
 .text.HAL_NVIC_EnableIRQ
                0x0000000008001472       0x20 ./Drivers/STM32F0xx_HAL_Driver/Src/stm32f0xx_hal_cortex.o
                0x0000000008001472                HAL_NVIC_EnableIRQ
 .text.HAL_SYSTICK_Config
                0x0000000008001492       0x1a ./Drivers/STM32F0xx_HAL_Driver/Src/stm32f0xx_hal_cortex.o
                0x0000000008001492                HAL_SYSTICK_Config
 .text.HAL_DMA_Init
                0x00000000080014ac       0xa8 ./Drivers/STM32F0xx_HAL_Driver/Src/stm32f0xx_hal_dma.o
                0x00000000080014ac                HAL_DMA_Init
 .text.HAL_DMA_Abort_IT
                0x0000000008001554       0x8a ./Drivers/STM32F0xx_HAL_Driver/Src/stm32f0xx_hal_dma.o
                0x0000000008001554                HAL_DMA_Abort_IT
 .text.HAL_DMA_IRQHandler
                0x00000000080015de      0x144 ./Drivers/STM32F0xx_HAL_Driver/Src/stm32f0xx_hal_dma.o
                0x00000000080015de                HAL_DMA_IRQHandler
 *fill*         0x0000000008001722        0x2 
 .text.DMA_CalcBaseAndBitshift
                0x0000000008001724       0x38 ./Drivers/STM32F0xx_HAL_Driver/Src/stm32f0xx_hal_dma.o
 .text.HAL_GPIO_Init
                0x000000000800175c      0x2e8 ./Drivers/STM32F0xx_HAL_Driver/Src/stm32f0xx_hal_gpio.o
                0x000000000800175c                HAL_GPIO_Init
 .text.HAL_GPIO_WritePin
                0x0000000008001a44       0x3a ./Drivers/STM32F0xx_HAL_Driver/Src/stm32f0xx_hal_gpio.o
                0x0000000008001a44                HAL_GPIO_WritePin
 *fill*         0x0000000008001a7e        0x2 
 .text.HAL_RCC_OscConfig
                0x0000000008001a80      0x5e8 ./Drivers/STM32F0xx_HAL_Driver/Src/stm32f0xx_hal_rcc.o
                0x0000000008001a80                HAL_RCC_OscConfig
 .text.HAL_RCC_ClockConfig
                0x0000000008002068      0x1d0 ./Drivers/STM32F0xx_HAL_Driver/Src/stm32f0xx_hal_rcc.o
                0x0000000008002068                HAL_RCC_ClockConfig
 .text.HAL_RCC_GetSysClockFreq
                0x0000000008002238       0xc8 ./Drivers/STM32F0xx_HAL_Driver/Src/stm32f0xx_hal_rcc.o
                0x0000000008002238                HAL_RCC_GetSysClockFreq
 .text.HAL_RCC_GetHCLKFreq
                0x0000000008002300       0x14 ./Drivers/STM32F0xx_HAL_Driver/Src/stm32f0xx_hal_rcc.o
                0x0000000008002300                HAL_RCC_GetHCLKFreq
 .text.HAL_RCC_GetPCLK1Freq
                0x0000000008002314       0x2c ./Drivers/STM32F0xx_HAL_Driver/Src/stm32f0xx_hal_rcc.o
                0x0000000008002314                HAL_RCC_GetPCLK1Freq
 .text.HAL_SPI_Init
                0x0000000008002340      0x134 ./Drivers/STM32F0xx_HAL_Driver/Src/stm32f0xx_hal_spi.o
                0x0000000008002340                HAL_SPI_Init
 .text.HAL_SPI_TransmitReceive_IT
                0x0000000008002474      0x198 ./Drivers/STM32F0xx_HAL_Driver/Src/stm32f0xx_hal_spi.o
                0x0000000008002474                HAL_SPI_TransmitReceive_IT
 .text.HAL_SPI_IRQHandler
                0x000000000800260c      0x1a0 ./Drivers/STM32F0xx_HAL_Driver/Src/stm32f0xx_hal_spi.o
                0x000000000800260c                HAL_SPI_IRQHandler
 .text.HAL_SPI_RxCpltCallback
                0x00000000080027ac       0x10 ./Drivers/STM32F0xx_HAL_Driver/Src/stm32f0xx_hal_spi.o
                0x00000000080027ac                HAL_SPI_RxCpltCallback
 .text.HAL_SPI_ErrorCallback
                0x00000000080027bc       0x10 ./Drivers/STM32F0xx_HAL_Driver/Src/stm32f0xx_hal_spi.o
                0x00000000080027bc                HAL_SPI_ErrorCallback
 .text.SPI_DMAAbortOnError
                0x00000000080027cc       0x2c ./Drivers/STM32F0xx_HAL_Driver/Src/stm32f0xx_hal_spi.o
 .text.SPI_2linesRxISR_8BIT
                0x00000000080027f8       0xbe ./Drivers/STM32F0xx_HAL_Driver/Src/stm32f0xx_hal_spi.o
 .text.SPI_2linesTxISR_8BIT
                0x00000000080028b6       0x90 ./Drivers/STM32F0xx_HAL_Driver/Src/stm32f0xx_hal_spi.o
 .text.SPI_2linesRxISR_16BIT
                0x0000000008002946       0x68 ./Drivers/STM32F0xx_HAL_Driver/Src/stm32f0xx_hal_spi.o
 .text.SPI_2linesTxISR_16BIT
                0x00000000080029ae       0x62 ./Drivers/STM32F0xx_HAL_Driver/Src/stm32f0xx_hal_spi.o
 .text.SPI_WaitFlagStateUntilTimeout
                0x0000000008002a10       0xdc ./Drivers/STM32F0xx_HAL_Driver/Src/stm32f0xx_hal_spi.o
 .text.SPI_WaitFifoStateUntilTimeout
                0x0000000008002aec       0xf4 ./Drivers/STM32F0xx_HAL_Driver/Src/stm32f0xx_hal_spi.o
 .text.SPI_EndRxTxTransaction
                0x0000000008002be0       0x8c ./Drivers/STM32F0xx_HAL_Driver/Src/stm32f0xx_hal_spi.o
 .text.SPI_CloseRxTx_ISR
                0x0000000008002c6c       0x90 ./Drivers/STM32F0xx_HAL_Driver/Src/stm32f0xx_hal_spi.o
 .text.HAL_TIM_Base_Init
                0x0000000008002cfc       0x58 ./Drivers/STM32F0xx_HAL_Driver/Src/stm32f0xx_hal_tim.o
                0x0000000008002cfc                HAL_TIM_Base_Init
 .text.HAL_TIM_Base_Start_IT
                0x0000000008002d54       0x32 ./Drivers/STM32F0xx_HAL_Driver/Src/stm32f0xx_hal_tim.o
                0x0000000008002d54                HAL_TIM_Base_Start_IT
 .text.HAL_TIM_IRQHandler
                0x0000000008002d86      0x22c ./Drivers/STM32F0xx_HAL_Driver/Src/stm32f0xx_hal_tim.o
                0x0000000008002d86                HAL_TIM_IRQHandler
 .text.HAL_TIM_OC_DelayElapsedCallback
                0x0000000008002fb2       0x10 ./Drivers/STM32F0xx_HAL_Driver/Src/stm32f0xx_hal_tim.o
                0x0000000008002fb2                HAL_TIM_OC_DelayElapsedCallback
 .text.HAL_TIM_IC_CaptureCallback
                0x0000000008002fc2       0x10 ./Drivers/STM32F0xx_HAL_Driver/Src/stm32f0xx_hal_tim.o
                0x0000000008002fc2                HAL_TIM_IC_CaptureCallback
 .text.HAL_TIM_PWM_PulseFinishedCallback
                0x0000000008002fd2       0x10 ./Drivers/STM32F0xx_HAL_Driver/Src/stm32f0xx_hal_tim.o
                0x0000000008002fd2                HAL_TIM_PWM_PulseFinishedCallback
 .text.HAL_TIM_TriggerCallback
                0x0000000008002fe2       0x10 ./Drivers/STM32F0xx_HAL_Driver/Src/stm32f0xx_hal_tim.o
                0x0000000008002fe2                HAL_TIM_TriggerCallback
 *fill*         0x0000000008002ff2        0x2 
 .text.TIM_Base_SetConfig
                0x0000000008002ff4       0xf0 ./Drivers/STM32F0xx_HAL_Driver/Src/stm32f0xx_hal_tim.o
                0x0000000008002ff4                TIM_Base_SetConfig
 .text.HAL_TIMEx_CommutationCallback
                0x00000000080030e4       0x10 ./Drivers/STM32F0xx_HAL_Driver/Src/stm32f0xx_hal_tim_ex.o
                0x00000000080030e4                HAL_TIMEx_CommutationCallback
 .text.HAL_TIMEx_BreakCallback
                0x00000000080030f4       0x10 ./Drivers/STM32F0xx_HAL_Driver/Src/stm32f0xx_hal_tim_ex.o
                0x00000000080030f4                HAL_TIMEx_BreakCallback
 .text.HAL_UART_Init
                0x0000000008003104       0xb0 ./Drivers/STM32F0xx_HAL_Driver/Src/stm32f0xx_hal_uart.o
                0x0000000008003104                HAL_UART_Init
 .text.HAL_UART_Transmit_IT
                0x00000000080031b4       0xb0 ./Drivers/STM32F0xx_HAL_Driver/Src/stm32f0xx_hal_uart.o
                0x00000000080031b4                HAL_UART_Transmit_IT
 .text.HAL_UART_Receive_IT
                0x0000000008003264      0x114 ./Drivers/STM32F0xx_HAL_Driver/Src/stm32f0xx_hal_uart.o
                0x0000000008003264                HAL_UART_Receive_IT
 .text.HAL_UART_AbortReceive_IT
                0x0000000008003378       0xc8 ./Drivers/STM32F0xx_HAL_Driver/Src/stm32f0xx_hal_uart.o
                0x0000000008003378                HAL_UART_AbortReceive_IT
 .text.HAL_UART_IRQHandler
                0x0000000008003440      0x1f0 ./Drivers/STM32F0xx_HAL_Driver/Src/stm32f0xx_hal_uart.o
                0x0000000008003440                HAL_UART_IRQHandler
 .text.HAL_UART_ErrorCallback
                0x0000000008003630       0x10 ./Drivers/STM32F0xx_HAL_Driver/Src/stm32f0xx_hal_uart.o
                0x0000000008003630                HAL_UART_ErrorCallback
 .text.HAL_UART_AbortReceiveCpltCallback
                0x0000000008003640       0x10 ./Drivers/STM32F0xx_HAL_Driver/Src/stm32f0xx_hal_uart.o
                0x0000000008003640                HAL_UART_AbortReceiveCpltCallback
 .text.UART_SetConfig
                0x0000000008003650      0x2f0 ./Drivers/STM32F0xx_HAL_Driver/Src/stm32f0xx_hal_uart.o
                0x0000000008003650                UART_SetConfig
 .text.UART_AdvFeatureConfig
                0x0000000008003940      0x168 ./Drivers/STM32F0xx_HAL_Driver/Src/stm32f0xx_hal_uart.o
                0x0000000008003940                UART_AdvFeatureConfig
 .text.UART_CheckIdleState
                0x0000000008003aa8       0x30 ./Drivers/STM32F0xx_HAL_Driver/Src/stm32f0xx_hal_uart.o
                0x0000000008003aa8                UART_CheckIdleState
 .text.UART_EndRxTransfer
                0x0000000008003ad8       0x3c ./Drivers/STM32F0xx_HAL_Driver/Src/stm32f0xx_hal_uart.o
 .text.UART_DMAAbortOnError
                0x0000000008003b14       0x2e ./Drivers/STM32F0xx_HAL_Driver/Src/stm32f0xx_hal_uart.o
 .text.UART_DMARxOnlyAbortCallback
                0x0000000008003b42       0x36 ./Drivers/STM32F0xx_HAL_Driver/Src/stm32f0xx_hal_uart.o
 .text.UART_Transmit_IT
                0x0000000008003b78       0xae ./Drivers/STM32F0xx_HAL_Driver/Src/stm32f0xx_hal_uart.o
                0x0000000008003b78                UART_Transmit_IT
 .text.UART_EndTransmit_IT
                0x0000000008003c26       0x32 ./Drivers/STM32F0xx_HAL_Driver/Src/stm32f0xx_hal_uart.o
                0x0000000008003c26                UART_EndTransmit_IT
 .text.UART_Receive_IT
                0x0000000008003c58       0xf4 ./Drivers/STM32F0xx_HAL_Driver/Src/stm32f0xx_hal_uart.o
                0x0000000008003c58                UART_Receive_IT
 .text.__libc_init_array
                0x0000000008003d4c       0x48 c:/st/stm32cubeide_1.10.1/stm32cubeide/plugins/com.st.stm32cube.ide.mcu.externaltools.gnu-tools-for-stm32.10.3-2021.10.win32_1.0.0.202111181127/tools/bin/../lib/gcc/arm-none-eabi/10.3.1/../../../../arm-none-eabi/lib/thumb/v6-m/nofp\libc_nano.a(lib_a-init.o)
                0x0000000008003d4c                __libc_init_array
 .text.memset   0x0000000008003d94       0x10 c:/st/stm32cubeide_1.10.1/stm32cubeide/plugins/com.st.stm32cube.ide.mcu.externaltools.gnu-tools-for-stm32.10.3-2021.10.win32_1.0.0.202111181127/tools/bin/../lib/gcc/arm-none-eabi/10.3.1/../../../../arm-none-eabi/lib/thumb/v6-m/nofp\libc_nano.a(lib_a-memset.o)
                0x0000000008003d94                memset
 *(.glue_7)
 .glue_7        0x0000000008003da4        0x0 linker stubs
 *(.glue_7t)
 .glue_7t       0x0000000008003da4        0x0 linker stubs
 *(.eh_frame)
 .eh_frame      0x0000000008003da4        0x0 c:/st/stm32cubeide_1.10.1/stm32cubeide/plugins/com.st.stm32cube.ide.mcu.externaltools.gnu-tools-for-stm32.10.3-2021.10.win32_1.0.0.202111181127/tools/bin/../lib/gcc/arm-none-eabi/10.3.1/thumb/v6-m/nofp/crtbegin.o
 *(.init)
 .init          0x0000000008003da4        0x4 c:/st/stm32cubeide_1.10.1/stm32cubeide/plugins/com.st.stm32cube.ide.mcu.externaltools.gnu-tools-for-stm32.10.3-2021.10.win32_1.0.0.202111181127/tools/bin/../lib/gcc/arm-none-eabi/10.3.1/thumb/v6-m/nofp/crti.o
                0x0000000008003da4                _init
 .init          0x0000000008003da8        0x8 c:/st/stm32cubeide_1.10.1/stm32cubeide/plugins/com.st.stm32cube.ide.mcu.externaltools.gnu-tools-for-stm32.10.3-2021.10.win32_1.0.0.202111181127/tools/bin/../lib/gcc/arm-none-eabi/10.3.1/thumb/v6-m/nofp/crtn.o
 *(.fini)
 .fini          0x0000000008003db0        0x4 c:/st/stm32cubeide_1.10.1/stm32cubeide/plugins/com.st.stm32cube.ide.mcu.externaltools.gnu-tools-for-stm32.10.3-2021.10.win32_1.0.0.202111181127/tools/bin/../lib/gcc/arm-none-eabi/10.3.1/thumb/v6-m/nofp/crti.o
                0x0000000008003db0                _fini
 .fini          0x0000000008003db4        0x8 c:/st/stm32cubeide_1.10.1/stm32cubeide/plugins/com.st.stm32cube.ide.mcu.externaltools.gnu-tools-for-stm32.10.3-2021.10.win32_1.0.0.202111181127/tools/bin/../lib/gcc/arm-none-eabi/10.3.1/thumb/v6-m/nofp/crtn.o
                0x0000000008003dbc                . = ALIGN (0x4)
                0x0000000008003dbc                _etext = .

.vfp11_veneer   0x0000000008003dbc        0x0
 .vfp11_veneer  0x0000000008003dbc        0x0 linker stubs

.v4_bx          0x0000000008003dbc        0x0
 .v4_bx         0x0000000008003dbc        0x0 linker stubs

.iplt           0x0000000008003dbc        0x0
 .iplt          0x0000000008003dbc        0x0 c:/st/stm32cubeide_1.10.1/stm32cubeide/plugins/com.st.stm32cube.ide.mcu.externaltools.gnu-tools-for-stm32.10.3-2021.10.win32_1.0.0.202111181127/tools/bin/../lib/gcc/arm-none-eabi/10.3.1/thumb/v6-m/nofp/crtbegin.o

.rodata         0x0000000008003dbc       0x38
                0x0000000008003dbc                . = ALIGN (0x4)
 *(.rodata)
 .rodata        0x0000000008003dbc       0x20 ./Drivers/STM32F0xx_HAL_Driver/Src/stm32f0xx_hal_rcc.o
 *(.rodata*)
 .rodata.AHBPrescTable
                0x0000000008003ddc       0x10 ./Core/Src/system_stm32f0xx.o
                0x0000000008003ddc                AHBPrescTable
 .rodata.APBPrescTable
                0x0000000008003dec        0x8 ./Core/Src/system_stm32f0xx.o
                0x0000000008003dec                APBPrescTable
                0x0000000008003df4                . = ALIGN (0x4)

.rel.dyn        0x0000000008003df4        0x0
 .rel.iplt      0x0000000008003df4        0x0 c:/st/stm32cubeide_1.10.1/stm32cubeide/plugins/com.st.stm32cube.ide.mcu.externaltools.gnu-tools-for-stm32.10.3-2021.10.win32_1.0.0.202111181127/tools/bin/../lib/gcc/arm-none-eabi/10.3.1/thumb/v6-m/nofp/crtbegin.o

.ARM.extab      0x0000000008003df4        0x0
                0x0000000008003df4                . = ALIGN (0x4)
 *(.ARM.extab* .gnu.linkonce.armextab.*)
                0x0000000008003df4                . = ALIGN (0x4)

.ARM            0x0000000008003df4        0x0
                0x0000000008003df4                . = ALIGN (0x4)
                0x0000000008003df4                __exidx_start = .
 *(.ARM.exidx*)
                0x0000000008003df4                __exidx_end = .
                0x0000000008003df4                . = ALIGN (0x4)

.preinit_array  0x0000000008003df4        0x0
                0x0000000008003df4                . = ALIGN (0x4)
                0x0000000008003df4                PROVIDE (__preinit_array_start = .)
 *(.preinit_array*)
                0x0000000008003df4                PROVIDE (__preinit_array_end = .)
                0x0000000008003df4                . = ALIGN (0x4)

.init_array     0x0000000008003df4        0x8
                0x0000000008003df4                . = ALIGN (0x4)
                0x0000000008003df4                PROVIDE (__init_array_start = .)
 *(SORT_BY_NAME(.init_array.*))
 *(.init_array*)
 .init_array    0x0000000008003df4        0x4 c:/st/stm32cubeide_1.10.1/stm32cubeide/plugins/com.st.stm32cube.ide.mcu.externaltools.gnu-tools-for-stm32.10.3-2021.10.win32_1.0.0.202111181127/tools/bin/../lib/gcc/arm-none-eabi/10.3.1/thumb/v6-m/nofp/crtbegin.o
 .init_array    0x0000000008003df8        0x4 ./Core/Src/main.o
                0x0000000008003dfc                PROVIDE (__init_array_end = .)
                0x0000000008003dfc                . = ALIGN (0x4)

.fini_array     0x0000000008003dfc        0x4
                0x0000000008003dfc                . = ALIGN (0x4)
                [!provide]                        PROVIDE (__fini_array_start = .)
 *(SORT_BY_NAME(.fini_array.*))
 *(.fini_array*)
 .fini_array    0x0000000008003dfc        0x4 c:/st/stm32cubeide_1.10.1/stm32cubeide/plugins/com.st.stm32cube.ide.mcu.externaltools.gnu-tools-for-stm32.10.3-2021.10.win32_1.0.0.202111181127/tools/bin/../lib/gcc/arm-none-eabi/10.3.1/thumb/v6-m/nofp/crtbegin.o
                [!provide]                        PROVIDE (__fini_array_end = .)
                0x0000000008003e00                . = ALIGN (0x4)
                0x0000000008003e00                _sidata = LOADADDR (.data)

.data           0x0000000020000000       0x3c load address 0x0000000008003e00
                0x0000000020000000                . = ALIGN (0x4)
                0x0000000020000000                _sdata = .
 *(.data)
 *(.data*)
 .data.uartTx   0x0000000020000000       0x37 ./Core/Src/main.o
                0x0000000020000000                uartTx
 *fill*         0x0000000020000037        0x1 
 .data.SystemCoreClock
                0x0000000020000038        0x4 ./Core/Src/system_stm32f0xx.o
                0x0000000020000038                SystemCoreClock
 *(.RamFunc)
 *(.RamFunc*)
                0x000000002000003c                . = ALIGN (0x4)
                0x000000002000003c                _edata = .

.igot.plt       0x000000002000003c        0x0 load address 0x0000000008003e3c
 .igot.plt      0x000000002000003c        0x0 c:/st/stm32cubeide_1.10.1/stm32cubeide/plugins/com.st.stm32cube.ide.mcu.externaltools.gnu-tools-for-stm32.10.3-2021.10.win32_1.0.0.202111181127/tools/bin/../lib/gcc/arm-none-eabi/10.3.1/thumb/v6-m/nofp/crtbegin.o
                0x000000002000003c                . = ALIGN (0x4)

.bss            0x000000002000003c      0x488 load address 0x0000000008003e3c
                0x000000002000003c                _sbss = .
                0x000000002000003c                __bss_start__ = _sbss
 *(.bss)
 .bss           0x000000002000003c       0x1c c:/st/stm32cubeide_1.10.1/stm32cubeide/plugins/com.st.stm32cube.ide.mcu.externaltools.gnu-tools-for-stm32.10.3-2021.10.win32_1.0.0.202111181127/tools/bin/../lib/gcc/arm-none-eabi/10.3.1/thumb/v6-m/nofp/crtbegin.o
 *(.bss*)
 .bss.hspi1     0x0000000020000058       0x64 ./Core/Src/main.o
                0x0000000020000058                hspi1
 .bss.hdma_spi1_rx
                0x00000000200000bc       0x44 ./Core/Src/main.o
                0x00000000200000bc                hdma_spi1_rx
 .bss.hdma_spi1_tx
                0x0000000020000100       0x44 ./Core/Src/main.o
                0x0000000020000100                hdma_spi1_tx
 .bss.htim6     0x0000000020000144       0x40 ./Core/Src/main.o
                0x0000000020000144                htim6
 .bss.huart2    0x0000000020000184       0x70 ./Core/Src/main.o
                0x0000000020000184                huart2
 .bss.uartRx0   0x00000000200001f4       0x35 ./Core/Src/main.o
                0x00000000200001f4                uartRx0
 *fill*         0x0000000020000229        0x3 
 .bss.uartRx1   0x000000002000022c       0x35 ./Core/Src/main.o
                0x000000002000022c                uartRx1
 *fill*         0x0000000020000261        0x3 
 .bss.uartRxSaved0
                0x0000000020000264       0x35 ./Core/Src/main.o
                0x0000000020000264                uartRxSaved0
 .bss.uartResMs
                0x0000000020000299        0x1 ./Core/Src/main.o
                0x0000000020000299                uartResMs
 .bss.uartTxMs  0x000000002000029a        0x2 ./Core/Src/main.o
                0x000000002000029a                uartTxMs
 .bss.uartTxSaved
                0x000000002000029c       0x37 ./Core/Src/main.o
                0x000000002000029c                uartTxSaved
 .bss.uartRxState0
                0x00000000200002d3        0x1 ./Core/Src/main.o
                0x00000000200002d3                uartRxState0
 .bss.uartRxState1
                0x00000000200002d4        0x1 ./Core/Src/main.o
                0x00000000200002d4                uartRxState1
 .bss.uartTxState
                0x00000000200002d5        0x1 ./Core/Src/main.o
                0x00000000200002d5                uartTxState
 .bss.uartTxFlag
                0x00000000200002d6        0x1 ./Core/Src/main.o
                0x00000000200002d6                uartTxFlag
 *fill*         0x00000000200002d7        0x1 
 .bss.uartTxSumm
                0x00000000200002d8        0x2 ./Core/Src/main.o
                0x00000000200002d8                uartTxSumm
 *fill*         0x00000000200002da        0x2 
 .bss.spiPort   0x00000000200002dc      0x1e0 ./Core/Src/main.o
                0x00000000200002dc                spiPort
 .bss.spiState  0x00000000200004bc        0x1 ./Core/Src/main.o
                0x00000000200004bc                spiState
 .bss.port      0x00000000200004bd        0x1 ./Core/Src/main.o
                0x00000000200004bd                port
 *fill*         0x00000000200004be        0x2 
 .bss.uwTick    0x00000000200004c0        0x4 ./Drivers/STM32F0xx_HAL_Driver/Src/stm32f0xx_hal.o
                0x00000000200004c0                uwTick
 *(COMMON)
                0x00000000200004c4                . = ALIGN (0x4)
                0x00000000200004c4                _ebss = .
                0x00000000200004c4                __bss_end__ = _ebss

._user_heap_stack
                0x00000000200004c4      0x604 load address 0x0000000008003e3c
                0x00000000200004c8                . = ALIGN (0x8)
 *fill*         0x00000000200004c4        0x4 
                [!provide]                        PROVIDE (end = .)
                0x00000000200004c8                PROVIDE (_end = .)
                0x00000000200006c8                . = (. + _Min_Heap_Size)
 *fill*         0x00000000200004c8      0x200 
                0x0000000020000ac8                . = (. + _Min_Stack_Size)
 *fill*         0x00000000200006c8      0x400 
                0x0000000020000ac8                . = ALIGN (0x8)

/DISCARD/
 libc.a(*)
 libm.a(*)
 libgcc.a(*)

.ARM.attributes
                0x0000000000000000       0x28
 *(.ARM.attributes)
 .ARM.attributes
                0x0000000000000000       0x1e c:/st/stm32cubeide_1.10.1/stm32cubeide/plugins/com.st.stm32cube.ide.mcu.externaltools.gnu-tools-for-stm32.10.3-2021.10.win32_1.0.0.202111181127/tools/bin/../lib/gcc/arm-none-eabi/10.3.1/thumb/v6-m/nofp/crti.o
 .ARM.attributes
                0x000000000000001e       0x2c c:/st/stm32cubeide_1.10.1/stm32cubeide/plugins/com.st.stm32cube.ide.mcu.externaltools.gnu-tools-for-stm32.10.3-2021.10.win32_1.0.0.202111181127/tools/bin/../lib/gcc/arm-none-eabi/10.3.1/thumb/v6-m/nofp/crtbegin.o
 .ARM.attributes
                0x000000000000004a       0x2c ./Core/Src/SpiPort.o
 .ARM.attributes
                0x0000000000000076       0x2c ./Core/Src/main.o
 .ARM.attributes
                0x00000000000000a2       0x2c ./Core/Src/stm32f0xx_hal_msp.o
 .ARM.attributes
                0x00000000000000ce       0x2c ./Core/Src/stm32f0xx_it.o
 .ARM.attributes
                0x00000000000000fa       0x2c ./Core/Src/system_stm32f0xx.o
 .ARM.attributes
                0x0000000000000126       0x21 ./Core/Startup/startup_stm32f030r8tx.o
 .ARM.attributes
                0x0000000000000147       0x2c ./Drivers/STM32F0xx_HAL_Driver/Src/stm32f0xx_hal.o
 .ARM.attributes
                0x0000000000000173       0x2c ./Drivers/STM32F0xx_HAL_Driver/Src/stm32f0xx_hal_cortex.o
 .ARM.attributes
                0x000000000000019f       0x2c ./Drivers/STM32F0xx_HAL_Driver/Src/stm32f0xx_hal_dma.o
 .ARM.attributes
                0x00000000000001cb       0x2c ./Drivers/STM32F0xx_HAL_Driver/Src/stm32f0xx_hal_gpio.o
 .ARM.attributes
                0x00000000000001f7       0x2c ./Drivers/STM32F0xx_HAL_Driver/Src/stm32f0xx_hal_rcc.o
 .ARM.attributes
                0x0000000000000223       0x2c ./Drivers/STM32F0xx_HAL_Driver/Src/stm32f0xx_hal_spi.o
 .ARM.attributes
                0x000000000000024f       0x2c ./Drivers/STM32F0xx_HAL_Driver/Src/stm32f0xx_hal_tim.o
 .ARM.attributes
                0x000000000000027b       0x2c ./Drivers/STM32F0xx_HAL_Driver/Src/stm32f0xx_hal_tim_ex.o
 .ARM.attributes
                0x00000000000002a7       0x2c ./Drivers/STM32F0xx_HAL_Driver/Src/stm32f0xx_hal_uart.o
 .ARM.attributes
                0x00000000000002d3       0x2c c:/st/stm32cubeide_1.10.1/stm32cubeide/plugins/com.st.stm32cube.ide.mcu.externaltools.gnu-tools-for-stm32.10.3-2021.10.win32_1.0.0.202111181127/tools/bin/../lib/gcc/arm-none-eabi/10.3.1/../../../../arm-none-eabi/lib/thumb/v6-m/nofp\libc_nano.a(lib_a-init.o)
 .ARM.attributes
                0x00000000000002ff       0x2c c:/st/stm32cubeide_1.10.1/stm32cubeide/plugins/com.st.stm32cube.ide.mcu.externaltools.gnu-tools-for-stm32.10.3-2021.10.win32_1.0.0.202111181127/tools/bin/../lib/gcc/arm-none-eabi/10.3.1/../../../../arm-none-eabi/lib/thumb/v6-m/nofp\libc_nano.a(lib_a-memset.o)
 .ARM.attributes
                0x000000000000032b       0x1e c:/st/stm32cubeide_1.10.1/stm32cubeide/plugins/com.st.stm32cube.ide.mcu.externaltools.gnu-tools-for-stm32.10.3-2021.10.win32_1.0.0.202111181127/tools/bin/../lib/gcc/arm-none-eabi/10.3.1/thumb/v6-m/nofp\libgcc.a(_udivsi3.o)
 .ARM.attributes
                0x0000000000000349       0x1e c:/st/stm32cubeide_1.10.1/stm32cubeide/plugins/com.st.stm32cube.ide.mcu.externaltools.gnu-tools-for-stm32.10.3-2021.10.win32_1.0.0.202111181127/tools/bin/../lib/gcc/arm-none-eabi/10.3.1/thumb/v6-m/nofp\libgcc.a(_dvmd_tls.o)
 .ARM.attributes
                0x0000000000000367       0x1e c:/st/stm32cubeide_1.10.1/stm32cubeide/plugins/com.st.stm32cube.ide.mcu.externaltools.gnu-tools-for-stm32.10.3-2021.10.win32_1.0.0.202111181127/tools/bin/../lib/gcc/arm-none-eabi/10.3.1/thumb/v6-m/nofp/crtn.o
OUTPUT(com_rev3.elf elf32-littlearm)
LOAD linker stubs
LOAD c:/st/stm32cubeide_1.10.1/stm32cubeide/plugins/com.st.stm32cube.ide.mcu.externaltools.gnu-tools-for-stm32.10.3-2021.10.win32_1.0.0.202111181127/tools/bin/../lib/gcc/arm-none-eabi/10.3.1/../../../../arm-none-eabi/lib/thumb/v6-m/nofp\libc.a
LOAD c:/st/stm32cubeide_1.10.1/stm32cubeide/plugins/com.st.stm32cube.ide.mcu.externaltools.gnu-tools-for-stm32.10.3-2021.10.win32_1.0.0.202111181127/tools/bin/../lib/gcc/arm-none-eabi/10.3.1/../../../../arm-none-eabi/lib/thumb/v6-m/nofp\libm.a
LOAD c:/st/stm32cubeide_1.10.1/stm32cubeide/plugins/com.st.stm32cube.ide.mcu.externaltools.gnu-tools-for-stm32.10.3-2021.10.win32_1.0.0.202111181127/tools/bin/../lib/gcc/arm-none-eabi/10.3.1/thumb/v6-m/nofp\libgcc.a

.debug_info     0x0000000000000000     0xc1c7
 .debug_info    0x0000000000000000      0x58b ./Core/Src/SpiPort.o
 .debug_info    0x000000000000058b     0x18d8 ./Core/Src/main.o
 .debug_info    0x0000000000001e63     0x10f4 ./Core/Src/stm32f0xx_hal_msp.o
 .debug_info    0x0000000000002f57      0xc9f ./Core/Src/stm32f0xx_it.o
 .debug_info    0x0000000000003bf6      0x275 ./Core/Src/system_stm32f0xx.o
 .debug_info    0x0000000000003e6b       0x22 ./Core/Startup/startup_stm32f030r8tx.o
 .debug_info    0x0000000000003e8d      0x5d7 ./Drivers/STM32F0xx_HAL_Driver/Src/stm32f0xx_hal.o
 .debug_info    0x0000000000004464      0x6ef ./Drivers/STM32F0xx_HAL_Driver/Src/stm32f0xx_hal_cortex.o
 .debug_info    0x0000000000004b53      0x759 ./Drivers/STM32F0xx_HAL_Driver/Src/stm32f0xx_hal_dma.o
 .debug_info    0x00000000000052ac      0x630 ./Drivers/STM32F0xx_HAL_Driver/Src/stm32f0xx_hal_gpio.o
 .debug_info    0x00000000000058dc      0x843 ./Drivers/STM32F0xx_HAL_Driver/Src/stm32f0xx_hal_rcc.o
 .debug_info    0x000000000000611f     0x16be ./Drivers/STM32F0xx_HAL_Driver/Src/stm32f0xx_hal_spi.o
 .debug_info    0x00000000000077dd     0x2491 ./Drivers/STM32F0xx_HAL_Driver/Src/stm32f0xx_hal_tim.o
 .debug_info    0x0000000000009c6e     0x10db ./Drivers/STM32F0xx_HAL_Driver/Src/stm32f0xx_hal_tim_ex.o
 .debug_info    0x000000000000ad49     0x147e ./Drivers/STM32F0xx_HAL_Driver/Src/stm32f0xx_hal_uart.o

.debug_abbrev   0x0000000000000000     0x1e9b
 .debug_abbrev  0x0000000000000000      0x1f6 ./Core/Src/SpiPort.o
 .debug_abbrev  0x00000000000001f6      0x3b5 ./Core/Src/main.o
 .debug_abbrev  0x00000000000005ab      0x240 ./Core/Src/stm32f0xx_hal_msp.o
 .debug_abbrev  0x00000000000007eb      0x195 ./Core/Src/stm32f0xx_it.o
 .debug_abbrev  0x0000000000000980      0x116 ./Core/Src/system_stm32f0xx.o
 .debug_abbrev  0x0000000000000a96       0x12 ./Core/Startup/startup_stm32f030r8tx.o
 .debug_abbrev  0x0000000000000aa8      0x214 ./Drivers/STM32F0xx_HAL_Driver/Src/stm32f0xx_hal.o
 .debug_abbrev  0x0000000000000cbc      0x266 ./Drivers/STM32F0xx_HAL_Driver/Src/stm32f0xx_hal_cortex.o
 .debug_abbrev  0x0000000000000f22      0x1e9 ./Drivers/STM32F0xx_HAL_Driver/Src/stm32f0xx_hal_dma.o
 .debug_abbrev  0x000000000000110b      0x1c4 ./Drivers/STM32F0xx_HAL_Driver/Src/stm32f0xx_hal_gpio.o
 .debug_abbrev  0x00000000000012cf      0x25d ./Drivers/STM32F0xx_HAL_Driver/Src/stm32f0xx_hal_rcc.o
 .debug_abbrev  0x000000000000152c      0x265 ./Drivers/STM32F0xx_HAL_Driver/Src/stm32f0xx_hal_spi.o
 .debug_abbrev  0x0000000000001791      0x281 ./Drivers/STM32F0xx_HAL_Driver/Src/stm32f0xx_hal_tim.o
 .debug_abbrev  0x0000000000001a12      0x25c ./Drivers/STM32F0xx_HAL_Driver/Src/stm32f0xx_hal_tim_ex.o
 .debug_abbrev  0x0000000000001c6e      0x22d ./Drivers/STM32F0xx_HAL_Driver/Src/stm32f0xx_hal_uart.o

.debug_aranges  0x0000000000000000      0xd38
 .debug_aranges
                0x0000000000000000       0x68 ./Core/Src/SpiPort.o
 .debug_aranges
                0x0000000000000068       0x90 ./Core/Src/main.o
 .debug_aranges
                0x00000000000000f8       0x50 ./Core/Src/stm32f0xx_hal_msp.o
 .debug_aranges
                0x0000000000000148       0x60 ./Core/Src/stm32f0xx_it.o
 .debug_aranges
                0x00000000000001a8       0x28 ./Core/Src/system_stm32f0xx.o
 .debug_aranges
                0x00000000000001d0       0x28 ./Core/Startup/startup_stm32f030r8tx.o
 .debug_aranges
                0x00000000000001f8       0xb8 ./Drivers/STM32F0xx_HAL_Driver/Src/stm32f0xx_hal.o
 .debug_aranges
                0x00000000000002b0       0xc0 ./Drivers/STM32F0xx_HAL_Driver/Src/stm32f0xx_hal_cortex.o
 .debug_aranges
                0x0000000000000370       0x88 ./Drivers/STM32F0xx_HAL_Driver/Src/stm32f0xx_hal_dma.o
 .debug_aranges
                0x00000000000003f8       0x58 ./Drivers/STM32F0xx_HAL_Driver/Src/stm32f0xx_hal_gpio.o
 .debug_aranges
                0x0000000000000450       0x80 ./Drivers/STM32F0xx_HAL_Driver/Src/stm32f0xx_hal_rcc.o
 .debug_aranges
                0x00000000000004d0      0x1d8 ./Drivers/STM32F0xx_HAL_Driver/Src/stm32f0xx_hal_spi.o
 .debug_aranges
                0x00000000000006a8      0x378 ./Drivers/STM32F0xx_HAL_Driver/Src/stm32f0xx_hal_tim.o
 .debug_aranges
                0x0000000000000a20      0x140 ./Drivers/STM32F0xx_HAL_Driver/Src/stm32f0xx_hal_tim_ex.o
 .debug_aranges
                0x0000000000000b60      0x1d8 ./Drivers/STM32F0xx_HAL_Driver/Src/stm32f0xx_hal_uart.o

.debug_ranges   0x0000000000000000      0xc50
 .debug_ranges  0x0000000000000000       0x58 ./Core/Src/SpiPort.o
 .debug_ranges  0x0000000000000058       0x80 ./Core/Src/main.o
 .debug_ranges  0x00000000000000d8       0x40 ./Core/Src/stm32f0xx_hal_msp.o
 .debug_ranges  0x0000000000000118       0x50 ./Core/Src/stm32f0xx_it.o
 .debug_ranges  0x0000000000000168       0x18 ./Core/Src/system_stm32f0xx.o
 .debug_ranges  0x0000000000000180       0x20 ./Core/Startup/startup_stm32f030r8tx.o
 .debug_ranges  0x00000000000001a0       0xa8 ./Drivers/STM32F0xx_HAL_Driver/Src/stm32f0xx_hal.o
 .debug_ranges  0x0000000000000248       0xb0 ./Drivers/STM32F0xx_HAL_Driver/Src/stm32f0xx_hal_cortex.o
 .debug_ranges  0x00000000000002f8       0x78 ./Drivers/STM32F0xx_HAL_Driver/Src/stm32f0xx_hal_dma.o
 .debug_ranges  0x0000000000000370       0x48 ./Drivers/STM32F0xx_HAL_Driver/Src/stm32f0xx_hal_gpio.o
 .debug_ranges  0x00000000000003b8       0x70 ./Drivers/STM32F0xx_HAL_Driver/Src/stm32f0xx_hal_rcc.o
 .debug_ranges  0x0000000000000428      0x1c8 ./Drivers/STM32F0xx_HAL_Driver/Src/stm32f0xx_hal_spi.o
 .debug_ranges  0x00000000000005f0      0x368 ./Drivers/STM32F0xx_HAL_Driver/Src/stm32f0xx_hal_tim.o
 .debug_ranges  0x0000000000000958      0x130 ./Drivers/STM32F0xx_HAL_Driver/Src/stm32f0xx_hal_tim_ex.o
 .debug_ranges  0x0000000000000a88      0x1c8 ./Drivers/STM32F0xx_HAL_Driver/Src/stm32f0xx_hal_uart.o

.debug_macro    0x0000000000000000     0xf7a8
 .debug_macro   0x0000000000000000      0x341 ./Core/Src/SpiPort.o
 .debug_macro   0x0000000000000341      0xb26 ./Core/Src/SpiPort.o
 .debug_macro   0x0000000000000e67       0xb7 ./Core/Src/SpiPort.o
 .debug_macro   0x0000000000000f1e       0x2e ./Core/Src/SpiPort.o
 .debug_macro   0x0000000000000f4c       0x22 ./Core/Src/SpiPort.o
 .debug_macro   0x0000000000000f6e       0x1c ./Core/Src/SpiPort.o
 .debug_macro   0x0000000000000f8a       0x22 ./Core/Src/SpiPort.o
 .debug_macro   0x0000000000000fac       0x8e ./Core/Src/SpiPort.o
 .debug_macro   0x000000000000103a       0x51 ./Core/Src/SpiPort.o
 .debug_macro   0x000000000000108b      0x103 ./Core/Src/SpiPort.o
 .debug_macro   0x000000000000118e       0x6a ./Core/Src/SpiPort.o
 .debug_macro   0x00000000000011f8      0x1df ./Core/Src/SpiPort.o
 .debug_macro   0x00000000000013d7       0x34 ./Core/Src/SpiPort.o
 .debug_macro   0x000000000000140b       0x26 ./Core/Src/SpiPort.o
 .debug_macro   0x0000000000001431      0x30d ./Core/Src/SpiPort.o
 .debug_macro   0x000000000000173e     0x6fa9 ./Core/Src/SpiPort.o
 .debug_macro   0x00000000000086e7       0x3c ./Core/Src/SpiPort.o
 .debug_macro   0x0000000000008723       0x52 ./Core/Src/SpiPort.o
 .debug_macro   0x0000000000008775       0x18 ./Core/Src/SpiPort.o
 .debug_macro   0x000000000000878d       0x3c ./Core/Src/SpiPort.o
 .debug_macro   0x00000000000087c9       0x34 ./Core/Src/SpiPort.o
 .debug_macro   0x00000000000087fd       0x16 ./Core/Src/SpiPort.o
 .debug_macro   0x0000000000008813       0x97 ./Core/Src/SpiPort.o
 .debug_macro   0x00000000000088aa      0x364 ./Core/Src/SpiPort.o
 .debug_macro   0x0000000000008c0e      0x104 ./Core/Src/SpiPort.o
 .debug_macro   0x0000000000008d12       0x10 ./Core/Src/SpiPort.o
 .debug_macro   0x0000000000008d22       0x16 ./Core/Src/SpiPort.o
 .debug_macro   0x0000000000008d38       0x43 ./Core/Src/SpiPort.o
 .debug_macro   0x0000000000008d7b       0x34 ./Core/Src/SpiPort.o
 .debug_macro   0x0000000000008daf       0x10 ./Core/Src/SpiPort.o
 .debug_macro   0x0000000000008dbf       0x58 ./Core/Src/SpiPort.o
 .debug_macro   0x0000000000008e17       0x71 ./Core/Src/SpiPort.o
 .debug_macro   0x0000000000008e88       0x16 ./Core/Src/SpiPort.o
 .debug_macro   0x0000000000008e9e      0x12a ./Core/Src/SpiPort.o
 .debug_macro   0x0000000000008fc8       0x10 ./Core/Src/SpiPort.o
 .debug_macro   0x0000000000008fd8       0x1c ./Core/Src/SpiPort.o
 .debug_macro   0x0000000000008ff4       0x52 ./Core/Src/SpiPort.o
 .debug_macro   0x0000000000009046       0x22 ./Core/Src/SpiPort.o
 .debug_macro   0x0000000000009068       0x10 ./Core/Src/SpiPort.o
 .debug_macro   0x0000000000009078       0x52 ./Core/Src/SpiPort.o
 .debug_macro   0x00000000000090ca       0xd5 ./Core/Src/SpiPort.o
 .debug_macro   0x000000000000919f       0x1c ./Core/Src/SpiPort.o
 .debug_macro   0x00000000000091bb       0x3d ./Core/Src/SpiPort.o
 .debug_macro   0x00000000000091f8       0x16 ./Core/Src/SpiPort.o
 .debug_macro   0x000000000000920e      0x137 ./Core/Src/SpiPort.o
 .debug_macro   0x0000000000009345       0x50 ./Core/Src/SpiPort.o
 .debug_macro   0x0000000000009395      0x92f ./Core/Src/SpiPort.o
 .debug_macro   0x0000000000009cc4      0x180 ./Core/Src/SpiPort.o
 .debug_macro   0x0000000000009e44      0x13a ./Core/Src/SpiPort.o
 .debug_macro   0x0000000000009f7e       0xe5 ./Core/Src/SpiPort.o
 .debug_macro   0x000000000000a063      0x1ed ./Core/Src/SpiPort.o
 .debug_macro   0x000000000000a250       0x34 ./Core/Src/SpiPort.o
 .debug_macro   0x000000000000a284       0x43 ./Core/Src/SpiPort.o
 .debug_macro   0x000000000000a2c7       0x28 ./Core/Src/SpiPort.o
 .debug_macro   0x000000000000a2ef       0xb6 ./Core/Src/SpiPort.o
 .debug_macro   0x000000000000a3a5      0x199 ./Core/Src/SpiPort.o
 .debug_macro   0x000000000000a53e      0x202 ./Core/Src/SpiPort.o
 .debug_macro   0x000000000000a740       0x61 ./Core/Src/SpiPort.o
 .debug_macro   0x000000000000a7a1       0x90 ./Core/Src/SpiPort.o
 .debug_macro   0x000000000000a831       0x4d ./Core/Src/SpiPort.o
 .debug_macro   0x000000000000a87e       0x2d ./Core/Src/SpiPort.o
 .debug_macro   0x000000000000a8ab      0x2f0 ./Core/Src/SpiPort.o
 .debug_macro   0x000000000000ab9b      0x845 ./Core/Src/SpiPort.o
 .debug_macro   0x000000000000b3e0       0x45 ./Core/Src/SpiPort.o
 .debug_macro   0x000000000000b425      0x37c ./Core/Src/SpiPort.o
 .debug_macro   0x000000000000b7a1      0x156 ./Core/Src/SpiPort.o
 .debug_macro   0x000000000000b8f7       0xf8 ./Core/Src/SpiPort.o
 .debug_macro   0x000000000000b9ef       0x1c ./Core/Src/SpiPort.o
 .debug_macro   0x000000000000ba0b      0x34b ./Core/Src/main.o
 .debug_macro   0x000000000000bd56      0x332 ./Core/Src/stm32f0xx_hal_msp.o
 .debug_macro   0x000000000000c088      0xa4e ./Core/Src/stm32f0xx_hal_msp.o
 .debug_macro   0x000000000000cad6      0x30d ./Core/Src/stm32f0xx_hal_msp.o
 .debug_macro   0x000000000000cde3       0x34 ./Core/Src/stm32f0xx_hal_msp.o
 .debug_macro   0x000000000000ce17       0x97 ./Core/Src/stm32f0xx_hal_msp.o
 .debug_macro   0x000000000000ceae      0x341 ./Core/Src/stm32f0xx_hal_msp.o
 .debug_macro   0x000000000000d1ef       0xfd ./Core/Src/stm32f0xx_hal_msp.o
 .debug_macro   0x000000000000d2ec       0x43 ./Core/Src/stm32f0xx_hal_msp.o
 .debug_macro   0x000000000000d32f       0x1c ./Core/Src/stm32f0xx_hal_msp.o
 .debug_macro   0x000000000000d34b      0x145 ./Core/Src/stm32f0xx_hal_msp.o
 .debug_macro   0x000000000000d490      0x33c ./Core/Src/stm32f0xx_it.o
 .debug_macro   0x000000000000d7cc      0x323 ./Core/Src/system_stm32f0xx.o
 .debug_macro   0x000000000000daef      0x347 ./Drivers/STM32F0xx_HAL_Driver/Src/stm32f0xx_hal.o
 .debug_macro   0x000000000000de36      0x323 ./Drivers/STM32F0xx_HAL_Driver/Src/stm32f0xx_hal_cortex.o
 .debug_macro   0x000000000000e159      0x323 ./Drivers/STM32F0xx_HAL_Driver/Src/stm32f0xx_hal_dma.o
 .debug_macro   0x000000000000e47c      0x35b ./Drivers/STM32F0xx_HAL_Driver/Src/stm32f0xx_hal_gpio.o
 .debug_macro   0x000000000000e7d7      0x335 ./Drivers/STM32F0xx_HAL_Driver/Src/stm32f0xx_hal_rcc.o
 .debug_macro   0x000000000000eb0c      0x32b ./Drivers/STM32F0xx_HAL_Driver/Src/stm32f0xx_hal_spi.o
 .debug_macro   0x000000000000ee37      0x323 ./Drivers/STM32F0xx_HAL_Driver/Src/stm32f0xx_hal_tim.o
 .debug_macro   0x000000000000f15a      0x323 ./Drivers/STM32F0xx_HAL_Driver/Src/stm32f0xx_hal_tim_ex.o
 .debug_macro   0x000000000000f47d      0x32b ./Drivers/STM32F0xx_HAL_Driver/Src/stm32f0xx_hal_uart.o

.debug_line     0x0000000000000000     0xeaae
 .debug_line    0x0000000000000000      0xa3e ./Core/Src/SpiPort.o
 .debug_line    0x0000000000000a3e      0xdda ./Core/Src/main.o
 .debug_line    0x0000000000001818      0x9ac ./Core/Src/stm32f0xx_hal_msp.o
 .debug_line    0x00000000000021c4      0x94b ./Core/Src/stm32f0xx_it.o
 .debug_line    0x0000000000002b0f      0x919 ./Core/Src/system_stm32f0xx.o
 .debug_line    0x0000000000003428       0x8a ./Core/Startup/startup_stm32f030r8tx.o
 .debug_line    0x00000000000034b2      0xa8d ./Drivers/STM32F0xx_HAL_Driver/Src/stm32f0xx_hal.o
 .debug_line    0x0000000000003f3f      0xb9f ./Drivers/STM32F0xx_HAL_Driver/Src/stm32f0xx_hal_cortex.o
 .debug_line    0x0000000000004ade      0xe11 ./Drivers/STM32F0xx_HAL_Driver/Src/stm32f0xx_hal_dma.o
 .debug_line    0x00000000000058ef      0xb73 ./Drivers/STM32F0xx_HAL_Driver/Src/stm32f0xx_hal_gpio.o
 .debug_line    0x0000000000006462      0xe7b ./Drivers/STM32F0xx_HAL_Driver/Src/stm32f0xx_hal_rcc.o
 .debug_line    0x00000000000072dd     0x2071 ./Drivers/STM32F0xx_HAL_Driver/Src/stm32f0xx_hal_spi.o
 .debug_line    0x000000000000934e     0x2a01 ./Drivers/STM32F0xx_HAL_Driver/Src/stm32f0xx_hal_tim.o
 .debug_line    0x000000000000bd4f     0x1319 ./Drivers/STM32F0xx_HAL_Driver/Src/stm32f0xx_hal_tim_ex.o
 .debug_line    0x000000000000d068     0x1a46 ./Drivers/STM32F0xx_HAL_Driver/Src/stm32f0xx_hal_uart.o

.debug_str      0x0000000000000000    0x4bf20
 .debug_str     0x0000000000000000    0x48304 ./Core/Src/SpiPort.o
                                      0x48504 (size before relaxing)
 .debug_str     0x0000000000048304      0xef3 ./Core/Src/main.o
                                      0x4965f (size before relaxing)
 .debug_str     0x00000000000491f7      0x3ef ./Core/Src/stm32f0xx_hal_msp.o
                                      0x48a07 (size before relaxing)
 .debug_str     0x00000000000495e6       0xf1 ./Core/Src/stm32f0xx_it.o
                                      0x4877a (size before relaxing)
 .debug_str     0x00000000000496d7       0x8b ./Core/Src/system_stm32f0xx.o
                                      0x47ec7 (size before relaxing)
 .debug_str     0x0000000000049762       0x36 ./Core/Startup/startup_stm32f030r8tx.o
                                         0x61 (size before relaxing)
 .debug_str     0x0000000000049798      0x362 ./Drivers/STM32F0xx_HAL_Driver/Src/stm32f0xx_hal.o
                                      0x48395 (size before relaxing)
 .debug_str     0x0000000000049afa      0x1aa ./Drivers/STM32F0xx_HAL_Driver/Src/stm32f0xx_hal_cortex.o
                                      0x48239 (size before relaxing)
 .debug_str     0x0000000000049ca4      0x223 ./Drivers/STM32F0xx_HAL_Driver/Src/stm32f0xx_hal_dma.o
                                      0x4826d (size before relaxing)
 .debug_str     0x0000000000049ec7      0x1d0 ./Drivers/STM32F0xx_HAL_Driver/Src/stm32f0xx_hal_gpio.o
                                      0x4812b (size before relaxing)
 .debug_str     0x000000000004a097      0x1ed ./Drivers/STM32F0xx_HAL_Driver/Src/stm32f0xx_hal_rcc.o
                                      0x482cd (size before relaxing)
 .debug_str     0x000000000004a284      0x4e8 ./Drivers/STM32F0xx_HAL_Driver/Src/stm32f0xx_hal_spi.o
                                      0x487e0 (size before relaxing)
 .debug_str     0x000000000004a76c      0xd19 ./Drivers/STM32F0xx_HAL_Driver/Src/stm32f0xx_hal_tim.o
                                      0x48ff2 (size before relaxing)
 .debug_str     0x000000000004b485      0x4f4 ./Drivers/STM32F0xx_HAL_Driver/Src/stm32f0xx_hal_tim_ex.o
                                      0x48881 (size before relaxing)
 .debug_str     0x000000000004b979      0x5a7 ./Drivers/STM32F0xx_HAL_Driver/Src/stm32f0xx_hal_uart.o
                                      0x48a37 (size before relaxing)

.comment        0x0000000000000000       0x50
 .comment       0x0000000000000000       0x50 ./Core/Src/SpiPort.o
                                         0x51 (size before relaxing)
 .comment       0x0000000000000050       0x51 ./Core/Src/main.o
 .comment       0x0000000000000050       0x51 ./Core/Src/stm32f0xx_hal_msp.o
 .comment       0x0000000000000050       0x51 ./Core/Src/stm32f0xx_it.o
 .comment       0x0000000000000050       0x51 ./Core/Src/system_stm32f0xx.o
 .comment       0x0000000000000050       0x51 ./Drivers/STM32F0xx_HAL_Driver/Src/stm32f0xx_hal.o
 .comment       0x0000000000000050       0x51 ./Drivers/STM32F0xx_HAL_Driver/Src/stm32f0xx_hal_cortex.o
 .comment       0x0000000000000050       0x51 ./Drivers/STM32F0xx_HAL_Driver/Src/stm32f0xx_hal_dma.o
 .comment       0x0000000000000050       0x51 ./Drivers/STM32F0xx_HAL_Driver/Src/stm32f0xx_hal_gpio.o
 .comment       0x0000000000000050       0x51 ./Drivers/STM32F0xx_HAL_Driver/Src/stm32f0xx_hal_rcc.o
 .comment       0x0000000000000050       0x51 ./Drivers/STM32F0xx_HAL_Driver/Src/stm32f0xx_hal_spi.o
 .comment       0x0000000000000050       0x51 ./Drivers/STM32F0xx_HAL_Driver/Src/stm32f0xx_hal_tim.o
 .comment       0x0000000000000050       0x51 ./Drivers/STM32F0xx_HAL_Driver/Src/stm32f0xx_hal_tim_ex.o
 .comment       0x0000000000000050       0x51 ./Drivers/STM32F0xx_HAL_Driver/Src/stm32f0xx_hal_uart.o

.debug_frame    0x0000000000000000     0x2fa8
 .debug_frame   0x0000000000000000      0x150 ./Core/Src/SpiPort.o
 .debug_frame   0x0000000000000150      0x1e4 ./Core/Src/main.o
 .debug_frame   0x0000000000000334       0xf0 ./Core/Src/stm32f0xx_hal_msp.o
 .debug_frame   0x0000000000000424      0x10c ./Core/Src/stm32f0xx_it.o
 .debug_frame   0x0000000000000530       0x4c ./Core/Src/system_stm32f0xx.o
 .debug_frame   0x000000000000057c      0x248 ./Drivers/STM32F0xx_HAL_Driver/Src/stm32f0xx_hal.o
 .debug_frame   0x00000000000007c4      0x2a0 ./Drivers/STM32F0xx_HAL_Driver/Src/stm32f0xx_hal_cortex.o
 .debug_frame   0x0000000000000a64      0x1d0 ./Drivers/STM32F0xx_HAL_Driver/Src/stm32f0xx_hal_dma.o
 .debug_frame   0x0000000000000c34      0x110 ./Drivers/STM32F0xx_HAL_Driver/Src/stm32f0xx_hal_gpio.o
 .debug_frame   0x0000000000000d44      0x194 ./Drivers/STM32F0xx_HAL_Driver/Src/stm32f0xx_hal_rcc.o
 .debug_frame   0x0000000000000ed8      0x710 ./Drivers/STM32F0xx_HAL_Driver/Src/stm32f0xx_hal_spi.o
 .debug_frame   0x00000000000015e8      0xd94 ./Drivers/STM32F0xx_HAL_Driver/Src/stm32f0xx_hal_tim.o
 .debug_frame   0x000000000000237c      0x4b0 ./Drivers/STM32F0xx_HAL_Driver/Src/stm32f0xx_hal_tim_ex.o
 .debug_frame   0x000000000000282c      0x710 ./Drivers/STM32F0xx_HAL_Driver/Src/stm32f0xx_hal_uart.o
 .debug_frame   0x0000000000002f3c       0x2c c:/st/stm32cubeide_1.10.1/stm32cubeide/plugins/com.st.stm32cube.ide.mcu.externaltools.gnu-tools-for-stm32.10.3-2021.10.win32_1.0.0.202111181127/tools/bin/../lib/gcc/arm-none-eabi/10.3.1/../../../../arm-none-eabi/lib/thumb/v6-m/nofp\libc_nano.a(lib_a-init.o)
 .debug_frame   0x0000000000002f68       0x20 c:/st/stm32cubeide_1.10.1/stm32cubeide/plugins/com.st.stm32cube.ide.mcu.externaltools.gnu-tools-for-stm32.10.3-2021.10.win32_1.0.0.202111181127/tools/bin/../lib/gcc/arm-none-eabi/10.3.1/../../../../arm-none-eabi/lib/thumb/v6-m/nofp\libc_nano.a(lib_a-memset.o)
 .debug_frame   0x0000000000002f88       0x20 c:/st/stm32cubeide_1.10.1/stm32cubeide/plugins/com.st.stm32cube.ide.mcu.externaltools.gnu-tools-for-stm32.10.3-2021.10.win32_1.0.0.202111181127/tools/bin/../lib/gcc/arm-none-eabi/10.3.1/thumb/v6-m/nofp\libgcc.a(_udivsi3.o)
