Archive member included to satisfy reference by file (symbol)

c:/st/stm32cubeide_1.10.1/stm32cubeide/plugins/com.st.stm32cube.ide.mcu.externaltools.gnu-tools-for-stm32.10.3-2021.10.win32_1.0.200.202301161003/tools/bin/../lib/gcc/arm-none-eabi/10.3.1/../../../../arm-none-eabi/lib/thumb/v6-m/nofp\libc_nano.a(lib_a-errno.o)
                              ./Core/Src/syscalls.o (__errno)
c:/st/stm32cubeide_1.10.1/stm32cubeide/plugins/com.st.stm32cube.ide.mcu.externaltools.gnu-tools-for-stm32.10.3-2021.10.win32_1.0.200.202301161003/tools/bin/../lib/gcc/arm-none-eabi/10.3.1/../../../../arm-none-eabi/lib/thumb/v6-m/nofp\libc_nano.a(lib_a-exit.o)
                              c:/st/stm32cubeide_1.10.1/stm32cubeide/plugins/com.st.stm32cube.ide.mcu.externaltools.gnu-tools-for-stm32.10.3-2021.10.win32_1.0.200.202301161003/tools/bin/../lib/gcc/arm-none-eabi/10.3.1/../../../../arm-none-eabi/lib/thumb/v6-m/nofp/crt0.o (exit)
c:/st/stm32cubeide_1.10.1/stm32cubeide/plugins/com.st.stm32cube.ide.mcu.externaltools.gnu-tools-for-stm32.10.3-2021.10.win32_1.0.200.202301161003/tools/bin/../lib/gcc/arm-none-eabi/10.3.1/../../../../arm-none-eabi/lib/thumb/v6-m/nofp\libc_nano.a(lib_a-impure.o)
                              c:/st/stm32cubeide_1.10.1/stm32cubeide/plugins/com.st.stm32cube.ide.mcu.externaltools.gnu-tools-for-stm32.10.3-2021.10.win32_1.0.200.202301161003/tools/bin/../lib/gcc/arm-none-eabi/10.3.1/../../../../arm-none-eabi/lib/thumb/v6-m/nofp\libc_nano.a(lib_a-exit.o) (_global_impure_ptr)
c:/st/stm32cubeide_1.10.1/stm32cubeide/plugins/com.st.stm32cube.ide.mcu.externaltools.gnu-tools-for-stm32.10.3-2021.10.win32_1.0.200.202301161003/tools/bin/../lib/gcc/arm-none-eabi/10.3.1/../../../../arm-none-eabi/lib/thumb/v6-m/nofp\libc_nano.a(lib_a-init.o)
                              c:/st/stm32cubeide_1.10.1/stm32cubeide/plugins/com.st.stm32cube.ide.mcu.externaltools.gnu-tools-for-stm32.10.3-2021.10.win32_1.0.200.202301161003/tools/bin/../lib/gcc/arm-none-eabi/10.3.1/../../../../arm-none-eabi/lib/thumb/v6-m/nofp/crt0.o (__libc_init_array)
c:/st/stm32cubeide_1.10.1/stm32cubeide/plugins/com.st.stm32cube.ide.mcu.externaltools.gnu-tools-for-stm32.10.3-2021.10.win32_1.0.200.202301161003/tools/bin/../lib/gcc/arm-none-eabi/10.3.1/../../../../arm-none-eabi/lib/thumb/v6-m/nofp\libc_nano.a(lib_a-memset.o)
                              c:/st/stm32cubeide_1.10.1/stm32cubeide/plugins/com.st.stm32cube.ide.mcu.externaltools.gnu-tools-for-stm32.10.3-2021.10.win32_1.0.200.202301161003/tools/bin/../lib/gcc/arm-none-eabi/10.3.1/../../../../arm-none-eabi/lib/thumb/v6-m/nofp/crt0.o (memset)
c:/st/stm32cubeide_1.10.1/stm32cubeide/plugins/com.st.stm32cube.ide.mcu.externaltools.gnu-tools-for-stm32.10.3-2021.10.win32_1.0.200.202301161003/tools/bin/../lib/gcc/arm-none-eabi/10.3.1/thumb/v6-m/nofp\libgcc.a(_udivsi3.o)
                              ./Core/Src/system_stm32f0xx.o (__aeabi_uidiv)
c:/st/stm32cubeide_1.10.1/stm32cubeide/plugins/com.st.stm32cube.ide.mcu.externaltools.gnu-tools-for-stm32.10.3-2021.10.win32_1.0.200.202301161003/tools/bin/../lib/gcc/arm-none-eabi/10.3.1/thumb/v6-m/nofp\libgcc.a(_dvmd_tls.o)
                              c:/st/stm32cubeide_1.10.1/stm32cubeide/plugins/com.st.stm32cube.ide.mcu.externaltools.gnu-tools-for-stm32.10.3-2021.10.win32_1.0.200.202301161003/tools/bin/../lib/gcc/arm-none-eabi/10.3.1/thumb/v6-m/nofp\libgcc.a(_udivsi3.o) (__aeabi_idiv0)

Discarded input sections

 .text          0x0000000000000000        0x0 c:/st/stm32cubeide_1.10.1/stm32cubeide/plugins/com.st.stm32cube.ide.mcu.externaltools.gnu-tools-for-stm32.10.3-2021.10.win32_1.0.200.202301161003/tools/bin/../lib/gcc/arm-none-eabi/10.3.1/thumb/v6-m/nofp/crti.o
 .data          0x0000000000000000        0x0 c:/st/stm32cubeide_1.10.1/stm32cubeide/plugins/com.st.stm32cube.ide.mcu.externaltools.gnu-tools-for-stm32.10.3-2021.10.win32_1.0.200.202301161003/tools/bin/../lib/gcc/arm-none-eabi/10.3.1/thumb/v6-m/nofp/crti.o
 .bss           0x0000000000000000        0x0 c:/st/stm32cubeide_1.10.1/stm32cubeide/plugins/com.st.stm32cube.ide.mcu.externaltools.gnu-tools-for-stm32.10.3-2021.10.win32_1.0.200.202301161003/tools/bin/../lib/gcc/arm-none-eabi/10.3.1/thumb/v6-m/nofp/crti.o
 .data          0x0000000000000000        0x4 c:/st/stm32cubeide_1.10.1/stm32cubeide/plugins/com.st.stm32cube.ide.mcu.externaltools.gnu-tools-for-stm32.10.3-2021.10.win32_1.0.200.202301161003/tools/bin/../lib/gcc/arm-none-eabi/10.3.1/thumb/v6-m/nofp/crtbegin.o
 .rodata        0x0000000000000000       0x24 c:/st/stm32cubeide_1.10.1/stm32cubeide/plugins/com.st.stm32cube.ide.mcu.externaltools.gnu-tools-for-stm32.10.3-2021.10.win32_1.0.200.202301161003/tools/bin/../lib/gcc/arm-none-eabi/10.3.1/thumb/v6-m/nofp/crtbegin.o
 .text          0x0000000000000000       0x80 c:/st/stm32cubeide_1.10.1/stm32cubeide/plugins/com.st.stm32cube.ide.mcu.externaltools.gnu-tools-for-stm32.10.3-2021.10.win32_1.0.200.202301161003/tools/bin/../lib/gcc/arm-none-eabi/10.3.1/../../../../arm-none-eabi/lib/thumb/v6-m/nofp/crt0.o
[...]
Memory Configuration

Name             Origin             Length             Attributes
RAM              0x0000000020000000 0x0000000000002000 xrw
FLASH            0x0000000008000000 0x0000000000010000 xr
*default*        0x0000000000000000 0xffffffffffffffff

Linker script and memory map

LOAD c:/st/stm32cubeide_1.10.1/stm32cubeide/plugins/com.st.stm32cube.ide.mcu.externaltools.gnu-tools-for-stm32.10.3-2021.10.win32_1.0.200.202301161003/tools/bin/../lib/gcc/arm-none-eabi/10.3.1/thumb/v6-m/nofp/crti.o
LOAD c:/st/stm32cubeide_1.10.1/stm32cubeide/plugins/com.st.stm32cube.ide.mcu.externaltools.gnu-tools-for-stm32.10.3-2021.10.win32_1.0.200.202301161003/tools/bin/../lib/gcc/arm-none-eabi/10.3.1/thumb/v6-m/nofp/crtbegin.o
LOAD c:/st/stm32cubeide_1.10.1/stm32cubeide/plugins/com.st.stm32cube.ide.mcu.externaltools.gnu-tools-for-stm32.10.3-2021.10.win32_1.0.200.202301161003/tools/bin/../lib/gcc/arm-none-eabi/10.3.1/../../../../arm-none-eabi/lib/thumb/v6-m/nofp/crt0.o
LOAD ./Core/Src/SpiPort.o
LOAD ./Core/Src/main.o
LOAD ./Core/Src/stm32f0xx_hal_msp.o
LOAD ./Core/Src/stm32f0xx_it.o
LOAD ./Core/Src/syscalls.o
LOAD ./Core/Src/sysmem.o
LOAD ./Core/Src/system_stm32f0xx.o
LOAD ./Core/Startup/startup_stm32f030r8tx.o
LOAD ./Drivers/STM32F0xx_HAL_Driver/Src/stm32f0xx_hal.o
LOAD ./Drivers/STM32F0xx_HAL_Driver/Src/stm32f0xx_hal_cortex.o
LOAD ./Drivers/STM32F0xx_HAL_Driver/Src/stm32f0xx_hal_dma.o
LOAD ./Drivers/STM32F0xx_HAL_Driver/Src/stm32f0xx_hal_flash.o
LOAD ./Drivers/STM32F0xx_HAL_Driver/Src/stm32f0xx_hal_flash_ex.o
LOAD ./Drivers/STM32F0xx_HAL_Driver/Src/stm32f0xx_hal_gpio.o
LOAD ./Drivers/STM32F0xx_HAL_Driver/Src/stm32f0xx_hal_i2c.o
LOAD ./Drivers/STM32F0xx_HAL_Driver/Src/stm32f0xx_hal_i2c_ex.o
LOAD ./Drivers/STM32F0xx_HAL_Driver/Src/stm32f0xx_hal_pwr.o
LOAD ./Drivers/STM32F0xx_HAL_Driver/Src/stm32f0xx_hal_pwr_ex.o
LOAD ./Drivers/STM32F0xx_HAL_Driver/Src/stm32f0xx_hal_rcc.o
LOAD ./Drivers/STM32F0xx_HAL_Driver/Src/stm32f0xx_hal_rcc_ex.o
LOAD ./Drivers/STM32F0xx_HAL_Driver/Src/stm32f0xx_hal_spi.o
LOAD ./Drivers/STM32F0xx_HAL_Driver/Src/stm32f0xx_hal_spi_ex.o
LOAD ./Drivers/STM32F0xx_HAL_Driver/Src/stm32f0xx_hal_tim.o
LOAD ./Drivers/STM32F0xx_HAL_Driver/Src/stm32f0xx_hal_tim_ex.o
LOAD ./Drivers/STM32F0xx_HAL_Driver/Src/stm32f0xx_hal_uart.o
LOAD ./Drivers/STM32F0xx_HAL_Driver/Src/stm32f0xx_hal_uart_ex.o
START GROUP
LOAD c:/st/stm32cubeide_1.10.1/stm32cubeide/plugins/com.st.stm32cube.ide.mcu.externaltools.gnu-tools-for-stm32.10.3-2021.10.win32_1.0.200.202301161003/tools/bin/../lib/gcc/arm-none-eabi/10.3.1/../../../../arm-none-eabi/lib/thumb/v6-m/nofp\libstdc++_nano.a
LOAD c:/st/stm32cubeide_1.10.1/stm32cubeide/plugins/com.st.stm32cube.ide.mcu.externaltools.gnu-tools-for-stm32.10.3-2021.10.win32_1.0.200.202301161003/tools/bin/../lib/gcc/arm-none-eabi/10.3.1/../../../../arm-none-eabi/lib/thumb/v6-m/nofp\libsupc++_nano.a
END GROUP
LOAD c:/st/stm32cubeide_1.10.1/stm32cubeide/plugins/com.st.stm32cube.ide.mcu.externaltools.gnu-tools-for-stm32.10.3-2021.10.win32_1.0.200.202301161003/tools/bin/../lib/gcc/arm-none-eabi/10.3.1/../../../../arm-none-eabi/lib/thumb/v6-m/nofp\libstdc++_nano.a
LOAD c:/st/stm32cubeide_1.10.1/stm32cubeide/plugins/com.st.stm32cube.ide.mcu.externaltools.gnu-tools-for-stm32.10.3-2021.10.win32_1.0.200.202301161003/tools/bin/../lib/gcc/arm-none-eabi/10.3.1/../../../../arm-none-eabi/lib/thumb/v6-m/nofp\libm.a
LOAD c:/st/stm32cubeide_1.10.1/stm32cubeide/plugins/com.st.stm32cube.ide.mcu.externaltools.gnu-tools-for-stm32.10.3-2021.10.win32_1.0.200.202301161003/tools/bin/../lib/gcc/arm-none-eabi/10.3.1/../../../../arm-none-eabi/lib/thumb/v6-m/nofp\libc_nano.a
START GROUP
LOAD c:/st/stm32cubeide_1.10.1/stm32cubeide/plugins/com.st.stm32cube.ide.mcu.externaltools.gnu-tools-for-stm32.10.3-2021.10.win32_1.0.200.202301161003/tools/bin/../lib/gcc/arm-none-eabi/10.3.1/thumb/v6-m/nofp\libgcc.a
LOAD c:/st/stm32cubeide_1.10.1/stm32cubeide/plugins/com.st.stm32cube.ide.mcu.externaltools.gnu-tools-for-stm32.10.3-2021.10.win32_1.0.200.202301161003/tools/bin/../lib/gcc/arm-none-eabi/10.3.1/../../../../arm-none-eabi/lib/thumb/v6-m/nofp\libc_nano.a
END GROUP
START GROUP
LOAD c:/st/stm32cubeide_1.10.1/stm32cubeide/plugins/com.st.stm32cube.ide.mcu.externaltools.gnu-tools-for-stm32.10.3-2021.10.win32_1.0.200.202301161003/tools/bin/../lib/gcc/arm-none-eabi/10.3.1/thumb/v6-m/nofp\libgcc.a
LOAD c:/st/stm32cubeide_1.10.1/stm32cubeide/plugins/com.st.stm32cube.ide.mcu.externaltools.gnu-tools-for-stm32.10.3-2021.10.win32_1.0.200.202301161003/tools/bin/../lib/gcc/arm-none-eabi/10.3.1/../../../../arm-none-eabi/lib/thumb/v6-m/nofp\libc_nano.a
LOAD c:/st/stm32cubeide_1.10.1/stm32cubeide/plugins/com.st.stm32cube.ide.mcu.externaltools.gnu-tools-for-stm32.10.3-2021.10.win32_1.0.200.202301161003/tools/bin/../lib/gcc/arm-none-eabi/10.3.1/../../../../arm-none-eabi/lib/thumb/v6-m/nofp\libnosys.a
END GROUP
START GROUP
LOAD c:/st/stm32cubeide_1.10.1/stm32cubeide/plugins/com.st.stm32cube.ide.mcu.externaltools.gnu-tools-for-stm32.10.3-2021.10.win32_1.0.200.202301161003/tools/bin/../lib/gcc/arm-none-eabi/10.3.1/thumb/v6-m/nofp\libgcc.a
LOAD c:/st/stm32cubeide_1.10.1/stm32cubeide/plugins/com.st.stm32cube.ide.mcu.externaltools.gnu-tools-for-stm32.10.3-2021.10.win32_1.0.200.202301161003/tools/bin/../lib/gcc/arm-none-eabi/10.3.1/../../../../arm-none-eabi/lib/thumb/v6-m/nofp\libc_nano.a
LOAD c:/st/stm32cubeide_1.10.1/stm32cubeide/plugins/com.st.stm32cube.ide.mcu.externaltools.gnu-tools-for-stm32.10.3-2021.10.win32_1.0.200.202301161003/tools/bin/../lib/gcc/arm-none-eabi/10.3.1/../../../../arm-none-eabi/lib/thumb/v6-m/nofp\libnosys.a
END GROUP
LOAD c:/st/stm32cubeide_1.10.1/stm32cubeide/plugins/com.st.stm32cube.ide.mcu.externaltools.gnu-tools-for-stm32.10.3-2021.10.win32_1.0.200.202301161003/tools/bin/../lib/gcc/arm-none-eabi/10.3.1/thumb/v6-m/nofp/crtend.o
LOAD c:/st/stm32cubeide_1.10.1/stm32cubeide/plugins/com.st.stm32cube.ide.mcu.externaltools.gnu-tools-for-stm32.10.3-2021.10.win32_1.0.200.202301161003/tools/bin/../lib/gcc/arm-none-eabi/10.3.1/thumb/v6-m/nofp/crtn.o
                0x0000000020002000                _estack = (ORIGIN (RAM) + LENGTH (RAM))
                0x0000000000000200                _Min_Heap_Size = 0x200
                0x0000000000000400                _Min_Stack_Size = 0x400

.isr_vector     0x0000000008000000       0xc0
                0x0000000008000000                . = ALIGN (0x4)
 *(.isr_vector)
 .isr_vector    0x0000000008000000       0xc0 ./Core/Startup/startup_stm32f030r8tx.o
                0x0000000008000000                g_pfnVectors
                0x00000000080000c0                . = ALIGN (0x4)

.text           0x00000000080000c0     0x6404
                0x00000000080000c0                . = ALIGN (0x4)
 *(.text)
 .text          0x00000000080000c0       0x48 c:/st/stm32cubeide_1.10.1/stm32cubeide/plugins/com.st.stm32cube.ide.mcu.externaltools.gnu-tools-for-stm32.10.3-2021.10.win32_1.0.200.202301161003/tools/bin/../lib/gcc/arm-none-eabi/10.3.1/thumb/v6-m/nofp/crtbegin.o
 .text          0x0000000008000108      0x114 c:/st/stm32cubeide_1.10.1/stm32cubeide/plugins/com.st.stm32cube.ide.mcu.externaltools.gnu-tools-for-stm32.10.3-2021.10.win32_1.0.200.202301161003/tools/bin/../lib/gcc/arm-none-eabi/10.3.1/thumb/v6-m/nofp\libgcc.a(_udivsi3.o)
                0x0000000008000108                __aeabi_uidiv
                0x0000000008000108                __udivsi3
                0x0000000008000214                __aeabi_uidivmod
 .text          0x000000000800021c        0x4 c:/st/stm32cubeide_1.10.1/stm32cubeide/plugins/com.st.stm32cube.ide.mcu.externaltools.gnu-tools-for-stm32.10.3-2021.10.win32_1.0.200.202301161003/tools/bin/../lib/gcc/arm-none-eabi/10.3.1/thumb/v6-m/nofp\libgcc.a(_dvmd_tls.o)
                0x000000000800021c                __aeabi_idiv0
                0x000000000800021c                __aeabi_ldiv0
 *(.text*)
 .text.main     0x0000000008000220     0x2e78 ./Core/Src/main.o
                0x0000000008000220                main
 .text._Z18SystemClock_Configv
                0x0000000008003098       0xa4 ./Core/Src/main.o
                0x0000000008003098                SystemClock_Config()
 .text._ZL12MX_SPI1_Initv
                0x000000000800313c       0x84 ./Core/Src/main.o
 .text._ZL12MX_TIM6_Initv
                0x00000000080031c0       0x4c ./Core/Src/main.o
 .text._ZL19MX_USART2_UART_Initv
                0x000000000800320c       0x68 ./Core/Src/main.o
 .text._ZL11MX_DMA_Initv
                0x0000000008003274       0x3c ./Core/Src/main.o
 .text._ZL12MX_GPIO_Initv
                0x00000000080032b0       0xe8 ./Core/Src/main.o
 .text.HAL_UART_RxCpltCallback
                0x0000000008003398       0x6c ./Core/Src/main.o
                0x0000000008003398                HAL_UART_RxCpltCallback
 .text.HAL_UART_TxCpltCallback
                0x0000000008003404       0x1c ./Core/Src/main.o
                0x0000000008003404                HAL_UART_TxCpltCallback
 .text.HAL_UART_ErrorCallback
                0x0000000008003420       0x38 ./Core/Src/main.o
                0x0000000008003420                HAL_UART_ErrorCallback
 .text.HAL_SPI_TxRxCpltCallback
                0x0000000008003458       0x88 ./Core/Src/main.o
                0x0000000008003458                HAL_SPI_TxRxCpltCallback
 .text.HAL_TIM_PeriodElapsedCallback
                0x00000000080034e0       0x5c ./Core/Src/main.o
                0x00000000080034e0                HAL_TIM_PeriodElapsedCallback
 .text.Error_Handler
                0x000000000800353c        0xa ./Core/Src/main.o
                0x000000000800353c                Error_Handler
 *fill*         0x0000000008003546        0x2 
 .text.HAL_MspInit
                0x0000000008003548       0x48 ./Core/Src/stm32f0xx_hal_msp.o
                0x0000000008003548                HAL_MspInit
 .text.HAL_SPI_MspInit
                0x0000000008003590      0x154 ./Core/Src/stm32f0xx_hal_msp.o
                0x0000000008003590                HAL_SPI_MspInit
 .text.HAL_TIM_Base_MspInit
                0x00000000080036e4       0x4c ./Core/Src/stm32f0xx_hal_msp.o
                0x00000000080036e4                HAL_TIM_Base_MspInit
 .text.HAL_UART_MspInit
                0x0000000008003730       0xa8 ./Core/Src/stm32f0xx_hal_msp.o
                0x0000000008003730                HAL_UART_MspInit
 .text.NMI_Handler
                0x00000000080037d8        0xa ./Core/Src/stm32f0xx_it.o
                0x00000000080037d8                NMI_Handler
 .text.HardFault_Handler
                0x00000000080037e2        0x6 ./Core/Src/stm32f0xx_it.o
                0x00000000080037e2                HardFault_Handler
 .text.SVC_Handler
                0x00000000080037e8        0xa ./Core/Src/stm32f0xx_it.o
                0x00000000080037e8                SVC_Handler
 .text.PendSV_Handler
                0x00000000080037f2        0xa ./Core/Src/stm32f0xx_it.o
                0x00000000080037f2                PendSV_Handler
 .text.SysTick_Handler
                0x00000000080037fc        0xe ./Core/Src/stm32f0xx_it.o
                0x00000000080037fc                SysTick_Handler
 *fill*         0x000000000800380a        0x2 
 .text.DMA1_Channel2_3_IRQHandler
                0x000000000800380c       0x24 ./Core/Src/stm32f0xx_it.o
                0x000000000800380c                DMA1_Channel2_3_IRQHandler
 .text.TIM6_IRQHandler
                0x0000000008003830       0x18 ./Core/Src/stm32f0xx_it.o
                0x0000000008003830                TIM6_IRQHandler
 .text.SPI1_IRQHandler
                0x0000000008003848       0x18 ./Core/Src/stm32f0xx_it.o
                0x0000000008003848                SPI1_IRQHandler
 .text.USART2_IRQHandler
                0x0000000008003860       0x18 ./Core/Src/stm32f0xx_it.o
                0x0000000008003860                USART2_IRQHandler
 .text.SystemInit
                0x0000000008003878       0x88 ./Core/Src/system_stm32f0xx.o
                0x0000000008003878                SystemInit
 .text.Reset_Handler
                0x0000000008003900       0x50 ./Core/Startup/startup_stm32f030r8tx.o
                0x0000000008003900                Reset_Handler
 .text.Default_Handler
                0x0000000008003950        0x2 ./Core/Startup/startup_stm32f030r8tx.o
                0x0000000008003950                TIM1_CC_IRQHandler
                0x0000000008003950                I2C1_IRQHandler
                0x0000000008003950                EXTI2_3_IRQHandler
                0x0000000008003950                ADC1_IRQHandler
                0x0000000008003950                I2C2_IRQHandler
                0x0000000008003950                TIM17_IRQHandler
                0x0000000008003950                RTC_IRQHandler
                0x0000000008003950                TIM16_IRQHandler
                0x0000000008003950                TIM3_IRQHandler
                0x0000000008003950                EXTI4_15_IRQHandler
                0x0000000008003950                RCC_IRQHandler
                0x0000000008003950                DMA1_Channel1_IRQHandler
                0x0000000008003950                Default_Handler
                0x0000000008003950                TIM14_IRQHandler
                0x0000000008003950                DMA1_Channel4_5_IRQHandler
                0x0000000008003950                TIM15_IRQHandler
                0x0000000008003950                EXTI0_1_IRQHandler
                0x0000000008003950                SPI2_IRQHandler
                0x0000000008003950                WWDG_IRQHandler
                0x0000000008003950                FLASH_IRQHandler
                0x0000000008003950                USART1_IRQHandler
                0x0000000008003950                TIM1_BRK_UP_TRG_COM_IRQHandler
 *fill*         0x0000000008003952        0x2 
 .text.HAL_Init
                0x0000000008003954       0x28 ./Drivers/STM32F0xx_HAL_Driver/Src/stm32f0xx_hal.o
                0x0000000008003954                HAL_Init
 .text.HAL_InitTick
                0x000000000800397c       0x38 ./Drivers/STM32F0xx_HAL_Driver/Src/stm32f0xx_hal.o
                0x000000000800397c                HAL_InitTick
 .text.HAL_IncTick
                0x00000000080039b4       0x18 ./Drivers/STM32F0xx_HAL_Driver/Src/stm32f0xx_hal.o
                0x00000000080039b4                HAL_IncTick
 .text.HAL_GetTick
                0x00000000080039cc       0x14 ./Drivers/STM32F0xx_HAL_Driver/Src/stm32f0xx_hal.o
                0x00000000080039cc                HAL_GetTick
 .text.NVIC_EnableIRQ
                0x00000000080039e0       0x2c ./Drivers/STM32F0xx_HAL_Driver/Src/stm32f0xx_hal_cortex.o
 .text.NVIC_SetPriority
                0x0000000008003a0c       0xdc ./Drivers/STM32F0xx_HAL_Driver/Src/stm32f0xx_hal_cortex.o
 .text.SysTick_Config
                0x0000000008003ae8       0x48 ./Drivers/STM32F0xx_HAL_Driver/Src/stm32f0xx_hal_cortex.o
 .text.HAL_NVIC_SetPriority
                0x0000000008003b30       0x2a ./Drivers/STM32F0xx_HAL_Driver/Src/stm32f0xx_hal_cortex.o
                0x0000000008003b30                HAL_NVIC_SetPriority
 .text.HAL_NVIC_EnableIRQ
                0x0000000008003b5a       0x20 ./Drivers/STM32F0xx_HAL_Driver/Src/stm32f0xx_hal_cortex.o
                0x0000000008003b5a                HAL_NVIC_EnableIRQ
 .text.HAL_SYSTICK_Config
                0x0000000008003b7a       0x1a ./Drivers/STM32F0xx_HAL_Driver/Src/stm32f0xx_hal_cortex.o
                0x0000000008003b7a                HAL_SYSTICK_Config
 .text.HAL_DMA_Init
                0x0000000008003b94       0xa8 ./Drivers/STM32F0xx_HAL_Driver/Src/stm32f0xx_hal_dma.o
                0x0000000008003b94                HAL_DMA_Init
 .text.HAL_DMA_Abort_IT
                0x0000000008003c3c       0x8a ./Drivers/STM32F0xx_HAL_Driver/Src/stm32f0xx_hal_dma.o
                0x0000000008003c3c                HAL_DMA_Abort_IT
 .text.HAL_DMA_IRQHandler
                0x0000000008003cc6      0x144 ./Drivers/STM32F0xx_HAL_Driver/Src/stm32f0xx_hal_dma.o
                0x0000000008003cc6                HAL_DMA_IRQHandler
 *fill*         0x0000000008003e0a        0x2 
 .text.DMA_CalcBaseAndBitshift
                0x0000000008003e0c       0x38 ./Drivers/STM32F0xx_HAL_Driver/Src/stm32f0xx_hal_dma.o
 .text.HAL_GPIO_Init
                0x0000000008003e44      0x2e8 ./Drivers/STM32F0xx_HAL_Driver/Src/stm32f0xx_hal_gpio.o
                0x0000000008003e44                HAL_GPIO_Init
 .text.HAL_GPIO_WritePin
                0x000000000800412c       0x3a ./Drivers/STM32F0xx_HAL_Driver/Src/stm32f0xx_hal_gpio.o
                0x000000000800412c                HAL_GPIO_WritePin
 *fill*         0x0000000008004166        0x2 
 .text.HAL_RCC_OscConfig
                0x0000000008004168      0x5e8 ./Drivers/STM32F0xx_HAL_Driver/Src/stm32f0xx_hal_rcc.o
                0x0000000008004168                HAL_RCC_OscConfig
 .text.HAL_RCC_ClockConfig
                0x0000000008004750      0x1d0 ./Drivers/STM32F0xx_HAL_Driver/Src/stm32f0xx_hal_rcc.o
                0x0000000008004750                HAL_RCC_ClockConfig
 .text.HAL_RCC_GetSysClockFreq
                0x0000000008004920       0xc8 ./Drivers/STM32F0xx_HAL_Driver/Src/stm32f0xx_hal_rcc.o
                0x0000000008004920                HAL_RCC_GetSysClockFreq
 .text.HAL_RCC_GetHCLKFreq
                0x00000000080049e8       0x14 ./Drivers/STM32F0xx_HAL_Driver/Src/stm32f0xx_hal_rcc.o
                0x00000000080049e8                HAL_RCC_GetHCLKFreq
 .text.HAL_RCC_GetPCLK1Freq
                0x00000000080049fc       0x2c ./Drivers/STM32F0xx_HAL_Driver/Src/stm32f0xx_hal_rcc.o
                0x00000000080049fc                HAL_RCC_GetPCLK1Freq
 .text.HAL_SPI_Init
                0x0000000008004a28      0x134 ./Drivers/STM32F0xx_HAL_Driver/Src/stm32f0xx_hal_spi.o
                0x0000000008004a28                HAL_SPI_Init
 .text.HAL_SPI_TransmitReceive_IT
                0x0000000008004b5c      0x198 ./Drivers/STM32F0xx_HAL_Driver/Src/stm32f0xx_hal_spi.o
                0x0000000008004b5c                HAL_SPI_TransmitReceive_IT
 .text.HAL_SPI_IRQHandler
                0x0000000008004cf4      0x1a0 ./Drivers/STM32F0xx_HAL_Driver/Src/stm32f0xx_hal_spi.o
                0x0000000008004cf4                HAL_SPI_IRQHandler
 .text.HAL_SPI_RxCpltCallback
                0x0000000008004e94       0x10 ./Drivers/STM32F0xx_HAL_Driver/Src/stm32f0xx_hal_spi.o
                0x0000000008004e94                HAL_SPI_RxCpltCallback
 .text.HAL_SPI_ErrorCallback
                0x0000000008004ea4       0x10 ./Drivers/STM32F0xx_HAL_Driver/Src/stm32f0xx_hal_spi.o
                0x0000000008004ea4                HAL_SPI_ErrorCallback
 .text.SPI_DMAAbortOnError
                0x0000000008004eb4       0x2c ./Drivers/STM32F0xx_HAL_Driver/Src/stm32f0xx_hal_spi.o
 .text.SPI_2linesRxISR_8BIT
                0x0000000008004ee0       0xbe ./Drivers/STM32F0xx_HAL_Driver/Src/stm32f0xx_hal_spi.o
 .text.SPI_2linesTxISR_8BIT
                0x0000000008004f9e       0x90 ./Drivers/STM32F0xx_HAL_Driver/Src/stm32f0xx_hal_spi.o
 .text.SPI_2linesRxISR_16BIT
                0x000000000800502e       0x68 ./Drivers/STM32F0xx_HAL_Driver/Src/stm32f0xx_hal_spi.o
 .text.SPI_2linesTxISR_16BIT
                0x0000000008005096       0x62 ./Drivers/STM32F0xx_HAL_Driver/Src/stm32f0xx_hal_spi.o
 .text.SPI_WaitFlagStateUntilTimeout
                0x00000000080050f8       0xdc ./Drivers/STM32F0xx_HAL_Driver/Src/stm32f0xx_hal_spi.o
 .text.SPI_WaitFifoStateUntilTimeout
                0x00000000080051d4       0xf4 ./Drivers/STM32F0xx_HAL_Driver/Src/stm32f0xx_hal_spi.o
 .text.SPI_EndRxTxTransaction
                0x00000000080052c8       0x8c ./Drivers/STM32F0xx_HAL_Driver/Src/stm32f0xx_hal_spi.o
 .text.SPI_CloseRxTx_ISR
                0x0000000008005354       0x90 ./Drivers/STM32F0xx_HAL_Driver/Src/stm32f0xx_hal_spi.o
 .text.HAL_TIM_Base_Init
                0x00000000080053e4       0x58 ./Drivers/STM32F0xx_HAL_Driver/Src/stm32f0xx_hal_tim.o
                0x00000000080053e4                HAL_TIM_Base_Init
 .text.HAL_TIM_Base_Start
                0x000000000800543c       0x32 ./Drivers/STM32F0xx_HAL_Driver/Src/stm32f0xx_hal_tim.o
                0x000000000800543c                HAL_TIM_Base_Start
 .text.HAL_TIM_Base_Start_IT
                0x000000000800546e       0x32 ./Drivers/STM32F0xx_HAL_Driver/Src/stm32f0xx_hal_tim.o
                0x000000000800546e                HAL_TIM_Base_Start_IT
 .text.HAL_TIM_IRQHandler
                0x00000000080054a0      0x22c ./Drivers/STM32F0xx_HAL_Driver/Src/stm32f0xx_hal_tim.o
                0x00000000080054a0                HAL_TIM_IRQHandler
 .text.HAL_TIM_OC_DelayElapsedCallback
                0x00000000080056cc       0x10 ./Drivers/STM32F0xx_HAL_Driver/Src/stm32f0xx_hal_tim.o
                0x00000000080056cc                HAL_TIM_OC_DelayElapsedCallback
 .text.HAL_TIM_IC_CaptureCallback
                0x00000000080056dc       0x10 ./Drivers/STM32F0xx_HAL_Driver/Src/stm32f0xx_hal_tim.o
                0x00000000080056dc                HAL_TIM_IC_CaptureCallback
 .text.HAL_TIM_PWM_PulseFinishedCallback
                0x00000000080056ec       0x10 ./Drivers/STM32F0xx_HAL_Driver/Src/stm32f0xx_hal_tim.o
                0x00000000080056ec                HAL_TIM_PWM_PulseFinishedCallback
 .text.HAL_TIM_TriggerCallback
                0x00000000080056fc       0x10 ./Drivers/STM32F0xx_HAL_Driver/Src/stm32f0xx_hal_tim.o
                0x00000000080056fc                HAL_TIM_TriggerCallback
 .text.TIM_Base_SetConfig
                0x000000000800570c       0xf0 ./Drivers/STM32F0xx_HAL_Driver/Src/stm32f0xx_hal_tim.o
                0x000000000800570c                TIM_Base_SetConfig
 .text.HAL_TIMEx_CommutationCallback
                0x00000000080057fc       0x10 ./Drivers/STM32F0xx_HAL_Driver/Src/stm32f0xx_hal_tim_ex.o
                0x00000000080057fc                HAL_TIMEx_CommutationCallback
 .text.HAL_TIMEx_BreakCallback
                0x000000000800580c       0x10 ./Drivers/STM32F0xx_HAL_Driver/Src/stm32f0xx_hal_tim_ex.o
                0x000000000800580c                HAL_TIMEx_BreakCallback
 .text.HAL_UART_Init
                0x000000000800581c       0xb0 ./Drivers/STM32F0xx_HAL_Driver/Src/stm32f0xx_hal_uart.o
                0x000000000800581c                HAL_UART_Init
 .text.HAL_UART_Transmit_IT
                0x00000000080058cc       0xb0 ./Drivers/STM32F0xx_HAL_Driver/Src/stm32f0xx_hal_uart.o
                0x00000000080058cc                HAL_UART_Transmit_IT
 .text.HAL_UART_Receive_IT
                0x000000000800597c      0x114 ./Drivers/STM32F0xx_HAL_Driver/Src/stm32f0xx_hal_uart.o
                0x000000000800597c                HAL_UART_Receive_IT
 .text.HAL_UART_AbortReceive_IT
                0x0000000008005a90       0xc8 ./Drivers/STM32F0xx_HAL_Driver/Src/stm32f0xx_hal_uart.o
                0x0000000008005a90                HAL_UART_AbortReceive_IT
 .text.HAL_UART_IRQHandler
                0x0000000008005b58      0x1f0 ./Drivers/STM32F0xx_HAL_Driver/Src/stm32f0xx_hal_uart.o
                0x0000000008005b58                HAL_UART_IRQHandler
 .text.HAL_UART_AbortReceiveCpltCallback
                0x0000000008005d48       0x10 ./Drivers/STM32F0xx_HAL_Driver/Src/stm32f0xx_hal_uart.o
                0x0000000008005d48                HAL_UART_AbortReceiveCpltCallback
 .text.UART_SetConfig
                0x0000000008005d58      0x2f0 ./Drivers/STM32F0xx_HAL_Driver/Src/stm32f0xx_hal_uart.o
                0x0000000008005d58                UART_SetConfig
 .text.UART_AdvFeatureConfig
                0x0000000008006048      0x168 ./Drivers/STM32F0xx_HAL_Driver/Src/stm32f0xx_hal_uart.o
                0x0000000008006048                UART_AdvFeatureConfig
 .text.UART_CheckIdleState
                0x00000000080061b0       0x30 ./Drivers/STM32F0xx_HAL_Driver/Src/stm32f0xx_hal_uart.o
                0x00000000080061b0                UART_CheckIdleState
 .text.UART_EndRxTransfer
                0x00000000080061e0       0x3c ./Drivers/STM32F0xx_HAL_Driver/Src/stm32f0xx_hal_uart.o
 .text.UART_DMAAbortOnError
                0x000000000800621c       0x2e ./Drivers/STM32F0xx_HAL_Driver/Src/stm32f0xx_hal_uart.o
 .text.UART_DMARxOnlyAbortCallback
                0x000000000800624a       0x36 ./Drivers/STM32F0xx_HAL_Driver/Src/stm32f0xx_hal_uart.o
 .text.UART_Transmit_IT
                0x0000000008006280       0xae ./Drivers/STM32F0xx_HAL_Driver/Src/stm32f0xx_hal_uart.o
                0x0000000008006280                UART_Transmit_IT
 .text.UART_EndTransmit_IT
                0x000000000800632e       0x32 ./Drivers/STM32F0xx_HAL_Driver/Src/stm32f0xx_hal_uart.o
                0x000000000800632e                UART_EndTransmit_IT
 .text.UART_Receive_IT
                0x0000000008006360       0xf4 ./Drivers/STM32F0xx_HAL_Driver/Src/stm32f0xx_hal_uart.o
                0x0000000008006360                UART_Receive_IT
 .text.__libc_init_array
                0x0000000008006454       0x48 c:/st/stm32cubeide_1.10.1/stm32cubeide/plugins/com.st.stm32cube.ide.mcu.externaltools.gnu-tools-for-stm32.10.3-2021.10.win32_1.0.200.202301161003/tools/bin/../lib/gcc/arm-none-eabi/10.3.1/../../../../arm-none-eabi/lib/thumb/v6-m/nofp\libc_nano.a(lib_a-init.o)
                0x0000000008006454                __libc_init_array
 .text.memset   0x000000000800649c       0x10 c:/st/stm32cubeide_1.10.1/stm32cubeide/plugins/com.st.stm32cube.ide.mcu.externaltools.gnu-tools-for-stm32.10.3-2021.10.win32_1.0.200.202301161003/tools/bin/../lib/gcc/arm-none-eabi/10.3.1/../../../../arm-none-eabi/lib/thumb/v6-m/nofp\libc_nano.a(lib_a-memset.o)
                0x000000000800649c                memset
 *(.glue_7)
 .glue_7        0x00000000080064ac        0x0 linker stubs
 *(.glue_7t)
 .glue_7t       0x00000000080064ac        0x0 linker stubs
 *(.eh_frame)
 .eh_frame      0x00000000080064ac        0x0 c:/st/stm32cubeide_1.10.1/stm32cubeide/plugins/com.st.stm32cube.ide.mcu.externaltools.gnu-tools-for-stm32.10.3-2021.10.win32_1.0.200.202301161003/tools/bin/../lib/gcc/arm-none-eabi/10.3.1/thumb/v6-m/nofp/crtbegin.o
 *(.init)
 .init          0x00000000080064ac        0x4 c:/st/stm32cubeide_1.10.1/stm32cubeide/plugins/com.st.stm32cube.ide.mcu.externaltools.gnu-tools-for-stm32.10.3-2021.10.win32_1.0.200.202301161003/tools/bin/../lib/gcc/arm-none-eabi/10.3.1/thumb/v6-m/nofp/crti.o
                0x00000000080064ac                _init
 .init          0x00000000080064b0        0x8 c:/st/stm32cubeide_1.10.1/stm32cubeide/plugins/com.st.stm32cube.ide.mcu.externaltools.gnu-tools-for-stm32.10.3-2021.10.win32_1.0.200.202301161003/tools/bin/../lib/gcc/arm-none-eabi/10.3.1/thumb/v6-m/nofp/crtn.o
 *(.fini)
 .fini          0x00000000080064b8        0x4 c:/st/stm32cubeide_1.10.1/stm32cubeide/plugins/com.st.stm32cube.ide.mcu.externaltools.gnu-tools-for-stm32.10.3-2021.10.win32_1.0.200.202301161003/tools/bin/../lib/gcc/arm-none-eabi/10.3.1/thumb/v6-m/nofp/crti.o
                0x00000000080064b8                _fini
 .fini          0x00000000080064bc        0x8 c:/st/stm32cubeide_1.10.1/stm32cubeide/plugins/com.st.stm32cube.ide.mcu.externaltools.gnu-tools-for-stm32.10.3-2021.10.win32_1.0.200.202301161003/tools/bin/../lib/gcc/arm-none-eabi/10.3.1/thumb/v6-m/nofp/crtn.o
                0x00000000080064c4                . = ALIGN (0x4)
                0x00000000080064c4                _etext = .

.vfp11_veneer   0x00000000080064c4        0x0
 .vfp11_veneer  0x00000000080064c4        0x0 linker stubs

.v4_bx          0x00000000080064c4        0x0
 .v4_bx         0x00000000080064c4        0x0 linker stubs

.iplt           0x00000000080064c4        0x0
 .iplt          0x00000000080064c4        0x0 c:/st/stm32cubeide_1.10.1/stm32cubeide/plugins/com.st.stm32cube.ide.mcu.externaltools.gnu-tools-for-stm32.10.3-2021.10.win32_1.0.200.202301161003/tools/bin/../lib/gcc/arm-none-eabi/10.3.1/thumb/v6-m/nofp/crtbegin.o

.rodata         0x00000000080064c4       0x38
                0x00000000080064c4                . = ALIGN (0x4)
 *(.rodata)
 .rodata        0x00000000080064c4       0x20 ./Drivers/STM32F0xx_HAL_Driver/Src/stm32f0xx_hal_rcc.o
 *(.rodata*)
 .rodata.AHBPrescTable
                0x00000000080064e4       0x10 ./Core/Src/system_stm32f0xx.o
                0x00000000080064e4                AHBPrescTable
 .rodata.APBPrescTable
                0x00000000080064f4        0x8 ./Core/Src/system_stm32f0xx.o
                0x00000000080064f4                APBPrescTable
                0x00000000080064fc                . = ALIGN (0x4)

.rel.dyn        0x00000000080064fc        0x0
 .rel.iplt      0x00000000080064fc        0x0 c:/st/stm32cubeide_1.10.1/stm32cubeide/plugins/com.st.stm32cube.ide.mcu.externaltools.gnu-tools-for-stm32.10.3-2021.10.win32_1.0.200.202301161003/tools/bin/../lib/gcc/arm-none-eabi/10.3.1/thumb/v6-m/nofp/crtbegin.o

.ARM.extab      0x00000000080064fc        0x0
                0x00000000080064fc                . = ALIGN (0x4)
 *(.ARM.extab* .gnu.linkonce.armextab.*)
                0x00000000080064fc                . = ALIGN (0x4)

.ARM            0x00000000080064fc        0x0
                0x00000000080064fc                . = ALIGN (0x4)
                0x00000000080064fc                __exidx_start = .
 *(.ARM.exidx*)
                0x00000000080064fc                __exidx_end = .
                0x00000000080064fc                . = ALIGN (0x4)

.preinit_array  0x00000000080064fc        0x0
                0x00000000080064fc                . = ALIGN (0x4)
                0x00000000080064fc                PROVIDE (__preinit_array_start = .)
 *(.preinit_array*)
                0x00000000080064fc                PROVIDE (__preinit_array_end = .)
                0x00000000080064fc                . = ALIGN (0x4)

.init_array     0x00000000080064fc        0x4
                0x00000000080064fc                . = ALIGN (0x4)
                0x00000000080064fc                PROVIDE (__init_array_start = .)
 *(SORT_BY_NAME(.init_array.*))
 *(.init_array*)
 .init_array    0x00000000080064fc        0x4 c:/st/stm32cubeide_1.10.1/stm32cubeide/plugins/com.st.stm32cube.ide.mcu.externaltools.gnu-tools-for-stm32.10.3-2021.10.win32_1.0.200.202301161003/tools/bin/../lib/gcc/arm-none-eabi/10.3.1/thumb/v6-m/nofp/crtbegin.o
                0x0000000008006500                PROVIDE (__init_array_end = .)
                0x0000000008006500                . = ALIGN (0x4)

.fini_array     0x0000000008006500        0x4
                0x0000000008006500                . = ALIGN (0x4)
                [!provide]                        PROVIDE (__fini_array_start = .)
 *(SORT_BY_NAME(.fini_array.*))
 *(.fini_array*)
 .fini_array    0x0000000008006500        0x4 c:/st/stm32cubeide_1.10.1/stm32cubeide/plugins/com.st.stm32cube.ide.mcu.externaltools.gnu-tools-for-stm32.10.3-2021.10.win32_1.0.200.202301161003/tools/bin/../lib/gcc/arm-none-eabi/10.3.1/thumb/v6-m/nofp/crtbegin.o
                [!provide]                        PROVIDE (__fini_array_end = .)
                0x0000000008006504                . = ALIGN (0x4)
                0x0000000008006504                _sidata = LOADADDR (.data)

.data           0x0000000020000000       0x40 load address 0x0000000008006504
                0x0000000020000000                . = ALIGN (0x4)
                0x0000000020000000                _sdata = .
 *(.data)
 *(.data*)
 .data.spi_port
                0x0000000020000000        0x1 ./Core/Src/main.o
                0x0000000020000000                spi_port
 *fill*         0x0000000020000001        0x3 
 .data.uart_tx  0x0000000020000004       0x37 ./Core/Src/main.o
                0x0000000020000004                uart_tx
 .data.uart_tx_on
                0x000000002000003b        0x1 ./Core/Src/main.o
                0x000000002000003b                uart_tx_on
 .data.SystemCoreClock
                0x000000002000003c        0x4 ./Core/Src/system_stm32f0xx.o
                0x000000002000003c                SystemCoreClock
 *(.RamFunc)
 *(.RamFunc*)
                0x0000000020000040                . = ALIGN (0x4)
                0x0000000020000040                _edata = .

.igot.plt       0x0000000020000040        0x0 load address 0x0000000008006544
 .igot.plt      0x0000000020000040        0x0 c:/st/stm32cubeide_1.10.1/stm32cubeide/plugins/com.st.stm32cube.ide.mcu.externaltools.gnu-tools-for-stm32.10.3-2021.10.win32_1.0.200.202301161003/tools/bin/../lib/gcc/arm-none-eabi/10.3.1/thumb/v6-m/nofp/crtbegin.o
                0x0000000020000040                . = ALIGN (0x4)

.bss            0x0000000020000040      0x35c load address 0x0000000008006544
                0x0000000020000040                _sbss = .
                0x0000000020000040                __bss_start__ = _sbss
 *(.bss)
 .bss           0x0000000020000040       0x1c c:/st/stm32cubeide_1.10.1/stm32cubeide/plugins/com.st.stm32cube.ide.mcu.externaltools.gnu-tools-for-stm32.10.3-2021.10.win32_1.0.200.202301161003/tools/bin/../lib/gcc/arm-none-eabi/10.3.1/thumb/v6-m/nofp/crtbegin.o
 *(.bss*)
 .bss.hspi1     0x000000002000005c       0x64 ./Core/Src/main.o
                0x000000002000005c                hspi1
 .bss.hdma_spi1_rx
                0x00000000200000c0       0x44 ./Core/Src/main.o
                0x00000000200000c0                hdma_spi1_rx
 .bss.hdma_spi1_tx
                0x0000000020000104       0x44 ./Core/Src/main.o
                0x0000000020000104                hdma_spi1_tx
 .bss.htim6     0x0000000020000148       0x40 ./Core/Src/main.o
                0x0000000020000148                htim6
 .bss.huart2    0x0000000020000188       0x70 ./Core/Src/main.o
                0x0000000020000188                huart2
 .bss.spi_rx    0x00000000200001f8        0x6 ./Core/Src/main.o
                0x00000000200001f8                spi_rx
 *fill*         0x00000000200001fe        0x2 
 .bss.spi_tx    0x0000000020000200        0x6 ./Core/Src/main.o
                0x0000000020000200                spi_tx
 .bss.spi_rx_ctrl_summ
                0x0000000020000206        0x1 ./Core/Src/main.o
                0x0000000020000206                spi_rx_ctrl_summ
 .bss.spi_rx_check
                0x0000000020000207        0x1 ./Core/Src/main.o
                0x0000000020000207                spi_rx_check
 .bss.spi_state
                0x0000000020000208        0x1 ./Core/Src/main.o
                0x0000000020000208                spi_state
 .bss.board_1_type
                0x0000000020000209        0x1 ./Core/Src/main.o
                0x0000000020000209                board_1_type
 .bss.board_2_type
                0x000000002000020a        0x1 ./Core/Src/main.o
                0x000000002000020a                board_2_type
 .bss.board_3_type
                0x000000002000020b        0x1 ./Core/Src/main.o
                0x000000002000020b                board_3_type
 .bss.board_4_type
                0x000000002000020c        0x1 ./Core/Src/main.o
                0x000000002000020c                board_4_type
 .bss.board_5_type
                0x000000002000020d        0x1 ./Core/Src/main.o
                0x000000002000020d                board_5_type
 .bss.board_6_type
                0x000000002000020e        0x1 ./Core/Src/main.o
                0x000000002000020e                board_6_type
 .bss.board_7_type
                0x000000002000020f        0x1 ./Core/Src/main.o
                0x000000002000020f                board_7_type
 .bss.board_8_type
                0x0000000020000210        0x1 ./Core/Src/main.o
                0x0000000020000210                board_8_type
 .bss.board_9_type
                0x0000000020000211        0x1 ./Core/Src/main.o
                0x0000000020000211                board_9_type
 .bss.board_10_type
                0x0000000020000212        0x1 ./Core/Src/main.o
                0x0000000020000212                board_10_type
 .bss.board_11_type
                0x0000000020000213        0x1 ./Core/Src/main.o
                0x0000000020000213                board_11_type
 .bss.board_12_type
                0x0000000020000214        0x1 ./Core/Src/main.o
                0x0000000020000214                board_12_type
 *fill*         0x0000000020000215        0x3 
 .bss.uart_rx0  0x0000000020000218       0x64 ./Core/Src/main.o
                0x0000000020000218                uart_rx0
 .bss.uart_rx1  0x000000002000027c       0x64 ./Core/Src/main.o
                0x000000002000027c                uart_rx1
 .bss.uart_rx_slice
                0x00000000200002e0       0x35 ./Core/Src/main.o
                0x00000000200002e0                uart_rx_slice
 .bss.uart_rx_state0
                0x0000000020000315        0x1 ./Core/Src/main.o
                0x0000000020000315                uart_rx_state0
 .bss.uart_rx_state1
                0x0000000020000316        0x1 ./Core/Src/main.o
                0x0000000020000316                uart_rx_state1
 .bss.rxNum     0x0000000020000317        0x1 ./Core/Src/main.o
                0x0000000020000317                rxNum
 .bss.uart_tx_slice
                0x0000000020000318       0x37 ./Core/Src/main.o
                0x0000000020000318                uart_tx_slice
 *fill*         0x000000002000034f        0x1 
 .bss.last_port_state
                0x0000000020000350        0x2 ./Core/Src/main.o
                0x0000000020000350                last_port_state
 .bss.uart_tx_state
                0x0000000020000352        0x1 ./Core/Src/main.o
                0x0000000020000352                uart_tx_state
 .bss.tim_6_flag
                0x0000000020000353        0x1 ./Core/Src/main.o
                0x0000000020000353                tim_6_flag
 .bss.last_sig_p_1
                0x0000000020000354        0x4 ./Core/Src/main.o
                0x0000000020000354                last_sig_p_1
 .bss.last_sig_p_2
                0x0000000020000358        0x4 ./Core/Src/main.o
                0x0000000020000358                last_sig_p_2
 .bss.last_sig_p_3
                0x000000002000035c        0x4 ./Core/Src/main.o
                0x000000002000035c                last_sig_p_3
 .bss.last_sig_p_4
                0x0000000020000360        0x4 ./Core/Src/main.o
                0x0000000020000360                last_sig_p_4
 .bss.last_sig_p_5
                0x0000000020000364        0x4 ./Core/Src/main.o
                0x0000000020000364                last_sig_p_5
 .bss.last_sig_p_6
                0x0000000020000368        0x4 ./Core/Src/main.o
                0x0000000020000368                last_sig_p_6
 .bss.last_sig_p_7
                0x000000002000036c        0x4 ./Core/Src/main.o
                0x000000002000036c                last_sig_p_7
 .bss.last_sig_p_8
                0x0000000020000370        0x4 ./Core/Src/main.o
                0x0000000020000370                last_sig_p_8
 .bss.last_sig_p_9
                0x0000000020000374        0x4 ./Core/Src/main.o
                0x0000000020000374                last_sig_p_9
 .bss.last_sig_p_10
                0x0000000020000378        0x4 ./Core/Src/main.o
                0x0000000020000378                last_sig_p_10
 .bss.last_sig_p_11
                0x000000002000037c        0x4 ./Core/Src/main.o
                0x000000002000037c                last_sig_p_11
 .bss.last_sig_p_12
                0x0000000020000380        0x4 ./Core/Src/main.o
                0x0000000020000380                last_sig_p_12
 .bss.uart_rx_ready
                0x0000000020000384        0x1 ./Core/Src/main.o
                0x0000000020000384                uart_rx_ready
 *fill*         0x0000000020000385        0x1 
 .bss.uart_tx_ctrl_summ
                0x0000000020000386        0x2 ./Core/Src/main.o
                0x0000000020000386                uart_tx_ctrl_summ
 .bss.uart_rx_ctrl_summ
                0x0000000020000388        0x2 ./Core/Src/main.o
                0x0000000020000388                uart_rx_ctrl_summ
 *fill*         0x000000002000038a        0x2 
 .bss.uart_rx_ctrl_summArr
                0x000000002000038c        0x2 ./Core/Src/main.o
                0x000000002000038c                uart_rx_ctrl_summArr
 .bss.uartRxMs  0x000000002000038e        0x1 ./Core/Src/main.o
                0x000000002000038e                uartRxMs
 .bss.uartRxFlagOn
                0x000000002000038f        0x1 ./Core/Src/main.o
                0x000000002000038f                uartRxFlagOn
 .bss.aaa       0x0000000020000390        0x4 ./Core/Src/main.o
                0x0000000020000390                aaa
 .bss.txMs      0x0000000020000394        0x2 ./Core/Src/main.o
                0x0000000020000394                txMs
 *fill*         0x0000000020000396        0x2 
 .bss.uwTick    0x0000000020000398        0x4 ./Drivers/STM32F0xx_HAL_Driver/Src/stm32f0xx_hal.o
                0x0000000020000398                uwTick
 *(COMMON)
                0x000000002000039c                . = ALIGN (0x4)
                0x000000002000039c                _ebss = .
                0x000000002000039c                __bss_end__ = _ebss

._user_heap_stack
                0x000000002000039c      0x604 load address 0x0000000008006544
                0x00000000200003a0                . = ALIGN (0x8)
 *fill*         0x000000002000039c        0x4 
                [!provide]                        PROVIDE (end = .)
                0x00000000200003a0                PROVIDE (_end = .)
                0x00000000200005a0                . = (. + _Min_Heap_Size)
 *fill*         0x00000000200003a0      0x200 
                0x00000000200009a0                . = (. + _Min_Stack_Size)
 *fill*         0x00000000200005a0      0x400 
                0x00000000200009a0                . = ALIGN (0x8)

/DISCARD/
 libc.a(*)
 libm.a(*)
 libgcc.a(*)

.ARM.attributes
                0x0000000000000000       0x28
 *(.ARM.attributes)
 .ARM.attributes
                0x0000000000000000       0x1e c:/st/stm32cubeide_1.10.1/stm32cubeide/plugins/com.st.stm32cube.ide.mcu.externaltools.gnu-tools-for-stm32.10.3-2021.10.win32_1.0.200.202301161003/tools/bin/../lib/gcc/arm-none-eabi/10.3.1/thumb/v6-m/nofp/crti.o
 .ARM.attributes
                0x000000000000001e       0x2c c:/st/stm32cubeide_1.10.1/stm32cubeide/plugins/com.st.stm32cube.ide.mcu.externaltools.gnu-tools-for-stm32.10.3-2021.10.win32_1.0.200.202301161003/tools/bin/../lib/gcc/arm-none-eabi/10.3.1/thumb/v6-m/nofp/crtbegin.o
 .ARM.attributes
                0x000000000000004a       0x2c ./Core/Src/main.o
 .ARM.attributes
                0x0000000000000076       0x2c ./Core/Src/stm32f0xx_hal_msp.o
 .ARM.attributes
                0x00000000000000a2       0x2c ./Core/Src/stm32f0xx_it.o
 .ARM.attributes
                0x00000000000000ce       0x2c ./Core/Src/system_stm32f0xx.o
 .ARM.attributes
                0x00000000000000fa       0x21 ./Core/Startup/startup_stm32f030r8tx.o
 .ARM.attributes
                0x000000000000011b       0x2c ./Drivers/STM32F0xx_HAL_Driver/Src/stm32f0xx_hal.o
 .ARM.attributes
                0x0000000000000147       0x2c ./Drivers/STM32F0xx_HAL_Driver/Src/stm32f0xx_hal_cortex.o
 .ARM.attributes
                0x0000000000000173       0x2c ./Drivers/STM32F0xx_HAL_Driver/Src/stm32f0xx_hal_dma.o
 .ARM.attributes
                0x000000000000019f       0x2c ./Drivers/STM32F0xx_HAL_Driver/Src/stm32f0xx_hal_gpio.o
 .ARM.attributes
                0x00000000000001cb       0x2c ./Drivers/STM32F0xx_HAL_Driver/Src/stm32f0xx_hal_rcc.o
 .ARM.attributes
                0x00000000000001f7       0x2c ./Drivers/STM32F0xx_HAL_Driver/Src/stm32f0xx_hal_spi.o
 .ARM.attributes
                0x0000000000000223       0x2c ./Drivers/STM32F0xx_HAL_Driver/Src/stm32f0xx_hal_tim.o
 .ARM.attributes
                0x000000000000024f       0x2c ./Drivers/STM32F0xx_HAL_Driver/Src/stm32f0xx_hal_tim_ex.o
 .ARM.attributes
                0x000000000000027b       0x2c ./Drivers/STM32F0xx_HAL_Driver/Src/stm32f0xx_hal_uart.o
 .ARM.attributes
                0x00000000000002a7       0x2c c:/st/stm32cubeide_1.10.1/stm32cubeide/plugins/com.st.stm32cube.ide.mcu.externaltools.gnu-tools-for-stm32.10.3-2021.10.win32_1.0.200.202301161003/tools/bin/../lib/gcc/arm-none-eabi/10.3.1/../../../../arm-none-eabi/lib/thumb/v6-m/nofp\libc_nano.a(lib_a-init.o)
 .ARM.attributes
                0x00000000000002d3       0x2c c:/st/stm32cubeide_1.10.1/stm32cubeide/plugins/com.st.stm32cube.ide.mcu.externaltools.gnu-tools-for-stm32.10.3-2021.10.win32_1.0.200.202301161003/tools/bin/../lib/gcc/arm-none-eabi/10.3.1/../../../../arm-none-eabi/lib/thumb/v6-m/nofp\libc_nano.a(lib_a-memset.o)
 .ARM.attributes
                0x00000000000002ff       0x1e c:/st/stm32cubeide_1.10.1/stm32cubeide/plugins/com.st.stm32cube.ide.mcu.externaltools.gnu-tools-for-stm32.10.3-2021.10.win32_1.0.200.202301161003/tools/bin/../lib/gcc/arm-none-eabi/10.3.1/thumb/v6-m/nofp\libgcc.a(_udivsi3.o)
 .ARM.attributes
                0x000000000000031d       0x1e c:/st/stm32cubeide_1.10.1/stm32cubeide/plugins/com.st.stm32cube.ide.mcu.externaltools.gnu-tools-for-stm32.10.3-2021.10.win32_1.0.200.202301161003/tools/bin/../lib/gcc/arm-none-eabi/10.3.1/thumb/v6-m/nofp\libgcc.a(_dvmd_tls.o)
 .ARM.attributes
                0x000000000000033b       0x1e c:/st/stm32cubeide_1.10.1/stm32cubeide/plugins/com.st.stm32cube.ide.mcu.externaltools.gnu-tools-for-stm32.10.3-2021.10.win32_1.0.200.202301161003/tools/bin/../lib/gcc/arm-none-eabi/10.3.1/thumb/v6-m/nofp/crtn.o
OUTPUT(com_rev3.elf elf32-littlearm)
LOAD linker stubs
LOAD c:/st/stm32cubeide_1.10.1/stm32cubeide/plugins/com.st.stm32cube.ide.mcu.externaltools.gnu-tools-for-stm32.10.3-2021.10.win32_1.0.200.202301161003/tools/bin/../lib/gcc/arm-none-eabi/10.3.1/../../../../arm-none-eabi/lib/thumb/v6-m/nofp\libc.a
LOAD c:/st/stm32cubeide_1.10.1/stm32cubeide/plugins/com.st.stm32cube.ide.mcu.externaltools.gnu-tools-for-stm32.10.3-2021.10.win32_1.0.200.202301161003/tools/bin/../lib/gcc/arm-none-eabi/10.3.1/../../../../arm-none-eabi/lib/thumb/v6-m/nofp\libm.a
LOAD c:/st/stm32cubeide_1.10.1/stm32cubeide/plugins/com.st.stm32cube.ide.mcu.externaltools.gnu-tools-for-stm32.10.3-2021.10.win32_1.0.200.202301161003/tools/bin/../lib/gcc/arm-none-eabi/10.3.1/thumb/v6-m/nofp\libgcc.a

.debug_info     0x0000000000000000     0xbcb1
 .debug_info    0x0000000000000000     0x194d ./Core/Src/main.o
 .debug_info    0x000000000000194d     0x10f4 ./Core/Src/stm32f0xx_hal_msp.o
 .debug_info    0x0000000000002a41      0xc9f ./Core/Src/stm32f0xx_it.o
 .debug_info    0x00000000000036e0      0x275 ./Core/Src/system_stm32f0xx.o
 .debug_info    0x0000000000003955       0x22 ./Core/Startup/startup_stm32f030r8tx.o
 .debug_info    0x0000000000003977      0x5d7 ./Drivers/STM32F0xx_HAL_Driver/Src/stm32f0xx_hal.o
 .debug_info    0x0000000000003f4e      0x6ef ./Drivers/STM32F0xx_HAL_Driver/Src/stm32f0xx_hal_cortex.o
 .debug_info    0x000000000000463d      0x759 ./Drivers/STM32F0xx_HAL_Driver/Src/stm32f0xx_hal_dma.o
 .debug_info    0x0000000000004d96      0x630 ./Drivers/STM32F0xx_HAL_Driver/Src/stm32f0xx_hal_gpio.o
 .debug_info    0x00000000000053c6      0x843 ./Drivers/STM32F0xx_HAL_Driver/Src/stm32f0xx_hal_rcc.o
 .debug_info    0x0000000000005c09     0x16be ./Drivers/STM32F0xx_HAL_Driver/Src/stm32f0xx_hal_spi.o
 .debug_info    0x00000000000072c7     0x2491 ./Drivers/STM32F0xx_HAL_Driver/Src/stm32f0xx_hal_tim.o
 .debug_info    0x0000000000009758     0x10db ./Drivers/STM32F0xx_HAL_Driver/Src/stm32f0xx_hal_tim_ex.o
 .debug_info    0x000000000000a833     0x147e ./Drivers/STM32F0xx_HAL_Driver/Src/stm32f0xx_hal_uart.o

.debug_abbrev   0x0000000000000000     0x1bb3
 .debug_abbrev  0x0000000000000000      0x2c3 ./Core/Src/main.o
 .debug_abbrev  0x00000000000002c3      0x240 ./Core/Src/stm32f0xx_hal_msp.o
 .debug_abbrev  0x0000000000000503      0x195 ./Core/Src/stm32f0xx_it.o
 .debug_abbrev  0x0000000000000698      0x116 ./Core/Src/system_stm32f0xx.o
 .debug_abbrev  0x00000000000007ae       0x12 ./Core/Startup/startup_stm32f030r8tx.o
 .debug_abbrev  0x00000000000007c0      0x214 ./Drivers/STM32F0xx_HAL_Driver/Src/stm32f0xx_hal.o
 .debug_abbrev  0x00000000000009d4      0x266 ./Drivers/STM32F0xx_HAL_Driver/Src/stm32f0xx_hal_cortex.o
 .debug_abbrev  0x0000000000000c3a      0x1e9 ./Drivers/STM32F0xx_HAL_Driver/Src/stm32f0xx_hal_dma.o
 .debug_abbrev  0x0000000000000e23      0x1c4 ./Drivers/STM32F0xx_HAL_Driver/Src/stm32f0xx_hal_gpio.o
 .debug_abbrev  0x0000000000000fe7      0x25d ./Drivers/STM32F0xx_HAL_Driver/Src/stm32f0xx_hal_rcc.o
 .debug_abbrev  0x0000000000001244      0x265 ./Drivers/STM32F0xx_HAL_Driver/Src/stm32f0xx_hal_spi.o
 .debug_abbrev  0x00000000000014a9      0x281 ./Drivers/STM32F0xx_HAL_Driver/Src/stm32f0xx_hal_tim.o
 .debug_abbrev  0x000000000000172a      0x25c ./Drivers/STM32F0xx_HAL_Driver/Src/stm32f0xx_hal_tim_ex.o
 .debug_abbrev  0x0000000000001986      0x22d ./Drivers/STM32F0xx_HAL_Driver/Src/stm32f0xx_hal_uart.o

.debug_aranges  0x0000000000000000      0xcc0
 .debug_aranges
                0x0000000000000000       0x80 ./Core/Src/main.o
 .debug_aranges
                0x0000000000000080       0x50 ./Core/Src/stm32f0xx_hal_msp.o
 .debug_aranges
                0x00000000000000d0       0x60 ./Core/Src/stm32f0xx_it.o
 .debug_aranges
                0x0000000000000130       0x28 ./Core/Src/system_stm32f0xx.o
 .debug_aranges
                0x0000000000000158       0x28 ./Core/Startup/startup_stm32f030r8tx.o
 .debug_aranges
                0x0000000000000180       0xb8 ./Drivers/STM32F0xx_HAL_Driver/Src/stm32f0xx_hal.o
 .debug_aranges
                0x0000000000000238       0xc0 ./Drivers/STM32F0xx_HAL_Driver/Src/stm32f0xx_hal_cortex.o
 .debug_aranges
                0x00000000000002f8       0x88 ./Drivers/STM32F0xx_HAL_Driver/Src/stm32f0xx_hal_dma.o
 .debug_aranges
                0x0000000000000380       0x58 ./Drivers/STM32F0xx_HAL_Driver/Src/stm32f0xx_hal_gpio.o
 .debug_aranges
                0x00000000000003d8       0x80 ./Drivers/STM32F0xx_HAL_Driver/Src/stm32f0xx_hal_rcc.o
 .debug_aranges
                0x0000000000000458      0x1d8 ./Drivers/STM32F0xx_HAL_Driver/Src/stm32f0xx_hal_spi.o
 .debug_aranges
                0x0000000000000630      0x378 ./Drivers/STM32F0xx_HAL_Driver/Src/stm32f0xx_hal_tim.o
 .debug_aranges
                0x00000000000009a8      0x140 ./Drivers/STM32F0xx_HAL_Driver/Src/stm32f0xx_hal_tim_ex.o
 .debug_aranges
                0x0000000000000ae8      0x1d8 ./Drivers/STM32F0xx_HAL_Driver/Src/stm32f0xx_hal_uart.o

.debug_ranges   0x0000000000000000      0xbe8
 .debug_ranges  0x0000000000000000       0x70 ./Core/Src/main.o
 .debug_ranges  0x0000000000000070       0x40 ./Core/Src/stm32f0xx_hal_msp.o
 .debug_ranges  0x00000000000000b0       0x50 ./Core/Src/stm32f0xx_it.o
 .debug_ranges  0x0000000000000100       0x18 ./Core/Src/system_stm32f0xx.o
 .debug_ranges  0x0000000000000118       0x20 ./Core/Startup/startup_stm32f030r8tx.o
 .debug_ranges  0x0000000000000138       0xa8 ./Drivers/STM32F0xx_HAL_Driver/Src/stm32f0xx_hal.o
 .debug_ranges  0x00000000000001e0       0xb0 ./Drivers/STM32F0xx_HAL_Driver/Src/stm32f0xx_hal_cortex.o
 .debug_ranges  0x0000000000000290       0x78 ./Drivers/STM32F0xx_HAL_Driver/Src/stm32f0xx_hal_dma.o
 .debug_ranges  0x0000000000000308       0x48 ./Drivers/STM32F0xx_HAL_Driver/Src/stm32f0xx_hal_gpio.o
 .debug_ranges  0x0000000000000350       0x70 ./Drivers/STM32F0xx_HAL_Driver/Src/stm32f0xx_hal_rcc.o
 .debug_ranges  0x00000000000003c0      0x1c8 ./Drivers/STM32F0xx_HAL_Driver/Src/stm32f0xx_hal_spi.o
 .debug_ranges  0x0000000000000588      0x368 ./Drivers/STM32F0xx_HAL_Driver/Src/stm32f0xx_hal_tim.o
 .debug_ranges  0x00000000000008f0      0x130 ./Drivers/STM32F0xx_HAL_Driver/Src/stm32f0xx_hal_tim_ex.o
 .debug_ranges  0x0000000000000a20      0x1c8 ./Drivers/STM32F0xx_HAL_Driver/Src/stm32f0xx_hal_uart.o

.debug_macro    0x0000000000000000     0x3d90
 .debug_macro   0x0000000000000000      0x33e ./Core/Src/main.o
 .debug_macro   0x000000000000033e      0x332 ./Core/Src/stm32f0xx_hal_msp.o
 .debug_macro   0x0000000000000670      0xa4e ./Core/Src/stm32f0xx_hal_msp.o
 .debug_macro   0x00000000000010be      0x30d ./Core/Src/stm32f0xx_hal_msp.o
 .debug_macro   0x00000000000013cb       0x34 ./Core/Src/stm32f0xx_hal_msp.o
 .debug_macro   0x00000000000013ff       0x97 ./Core/Src/stm32f0xx_hal_msp.o
 .debug_macro   0x0000000000001496      0x341 ./Core/Src/stm32f0xx_hal_msp.o
 .debug_macro   0x00000000000017d7       0xfd ./Core/Src/stm32f0xx_hal_msp.o
 .debug_macro   0x00000000000018d4       0x43 ./Core/Src/stm32f0xx_hal_msp.o
 .debug_macro   0x0000000000001917       0x1c ./Core/Src/stm32f0xx_hal_msp.o
 .debug_macro   0x0000000000001933      0x145 ./Core/Src/stm32f0xx_hal_msp.o
 .debug_macro   0x0000000000001a78      0x33c ./Core/Src/stm32f0xx_it.o
 .debug_macro   0x0000000000001db4      0x323 ./Core/Src/system_stm32f0xx.o
 .debug_macro   0x00000000000020d7      0x347 ./Drivers/STM32F0xx_HAL_Driver/Src/stm32f0xx_hal.o
 .debug_macro   0x000000000000241e      0x323 ./Drivers/STM32F0xx_HAL_Driver/Src/stm32f0xx_hal_cortex.o
 .debug_macro   0x0000000000002741      0x323 ./Drivers/STM32F0xx_HAL_Driver/Src/stm32f0xx_hal_dma.o
 .debug_macro   0x0000000000002a64      0x35b ./Drivers/STM32F0xx_HAL_Driver/Src/stm32f0xx_hal_gpio.o
 .debug_macro   0x0000000000002dbf      0x335 ./Drivers/STM32F0xx_HAL_Driver/Src/stm32f0xx_hal_rcc.o
 .debug_macro   0x00000000000030f4      0x32b ./Drivers/STM32F0xx_HAL_Driver/Src/stm32f0xx_hal_spi.o
 .debug_macro   0x000000000000341f      0x323 ./Drivers/STM32F0xx_HAL_Driver/Src/stm32f0xx_hal_tim.o
 .debug_macro   0x0000000000003742      0x323 ./Drivers/STM32F0xx_HAL_Driver/Src/stm32f0xx_hal_tim_ex.o
 .debug_macro   0x0000000000003a65      0x32b ./Drivers/STM32F0xx_HAL_Driver/Src/stm32f0xx_hal_uart.o

.debug_line     0x0000000000000000    0x10eb5
 .debug_line    0x0000000000000000     0x3bab ./Core/Src/main.o
 .debug_line    0x0000000000003bab      0x9b4 ./Core/Src/stm32f0xx_hal_msp.o
 .debug_line    0x000000000000455f      0x953 ./Core/Src/stm32f0xx_it.o
 .debug_line    0x0000000000004eb2      0x923 ./Core/Src/system_stm32f0xx.o
 .debug_line    0x00000000000057d5       0x8a ./Core/Startup/startup_stm32f030r8tx.o
 .debug_line    0x000000000000585f      0xa97 ./Drivers/STM32F0xx_HAL_Driver/Src/stm32f0xx_hal.o
 .debug_line    0x00000000000062f6      0xba9 ./Drivers/STM32F0xx_HAL_Driver/Src/stm32f0xx_hal_cortex.o
 .debug_line    0x0000000000006e9f      0xe1b ./Drivers/STM32F0xx_HAL_Driver/Src/stm32f0xx_hal_dma.o
 .debug_line    0x0000000000007cba      0xb7d ./Drivers/STM32F0xx_HAL_Driver/Src/stm32f0xx_hal_gpio.o
 .debug_line    0x0000000000008837      0xe85 ./Drivers/STM32F0xx_HAL_Driver/Src/stm32f0xx_hal_rcc.o
 .debug_line    0x00000000000096bc     0x207b ./Drivers/STM32F0xx_HAL_Driver/Src/stm32f0xx_hal_spi.o
 .debug_line    0x000000000000b737     0x2a0b ./Drivers/STM32F0xx_HAL_Driver/Src/stm32f0xx_hal_tim.o
 .debug_line    0x000000000000e142     0x1323 ./Drivers/STM32F0xx_HAL_Driver/Src/stm32f0xx_hal_tim_ex.o
 .debug_line    0x000000000000f465     0x1a50 ./Drivers/STM32F0xx_HAL_Driver/Src/stm32f0xx_hal_uart.o

.debug_str      0x0000000000000000    0x4becc
 .debug_str     0x0000000000000000    0x491a7 ./Core/Src/main.o
                                      0x49669 (size before relaxing)
 .debug_str     0x00000000000491a7      0x407 ./Core/Src/stm32f0xx_hal_msp.o
                                      0x48a34 (size before relaxing)
 .debug_str     0x00000000000495ae       0xf1 ./Core/Src/stm32f0xx_it.o
                                      0x487a7 (size before relaxing)
 .debug_str     0x000000000004969f       0x8b ./Core/Src/system_stm32f0xx.o
                                      0x47ef4 (size before relaxing)
 .debug_str     0x000000000004972a       0x36 ./Core/Startup/startup_stm32f030r8tx.o
                                         0x76 (size before relaxing)
 .debug_str     0x0000000000049760      0x362 ./Drivers/STM32F0xx_HAL_Driver/Src/stm32f0xx_hal.o
                                      0x483c2 (size before relaxing)
 .debug_str     0x0000000000049ac2      0x1b3 ./Drivers/STM32F0xx_HAL_Driver/Src/stm32f0xx_hal_cortex.o
                                      0x48266 (size before relaxing)
 .debug_str     0x0000000000049c75      0x223 ./Drivers/STM32F0xx_HAL_Driver/Src/stm32f0xx_hal_dma.o
                                      0x4829a (size before relaxing)
 .debug_str     0x0000000000049e98      0x1d0 ./Drivers/STM32F0xx_HAL_Driver/Src/stm32f0xx_hal_gpio.o
                                      0x48158 (size before relaxing)
 .debug_str     0x000000000004a068      0x1ed ./Drivers/STM32F0xx_HAL_Driver/Src/stm32f0xx_hal_rcc.o
                                      0x482fa (size before relaxing)
 .debug_str     0x000000000004a255      0x4ed ./Drivers/STM32F0xx_HAL_Driver/Src/stm32f0xx_hal_spi.o
                                      0x4880d (size before relaxing)
 .debug_str     0x000000000004a742      0xd06 ./Drivers/STM32F0xx_HAL_Driver/Src/stm32f0xx_hal_tim.o
                                      0x4901f (size before relaxing)
 .debug_str     0x000000000004b448      0x4f4 ./Drivers/STM32F0xx_HAL_Driver/Src/stm32f0xx_hal_tim_ex.o
                                      0x488ae (size before relaxing)
 .debug_str     0x000000000004b93c      0x590 ./Drivers/STM32F0xx_HAL_Driver/Src/stm32f0xx_hal_uart.o
                                      0x48a64 (size before relaxing)

.comment        0x0000000000000000       0x50
 .comment       0x0000000000000000       0x50 ./Core/Src/main.o
                                         0x51 (size before relaxing)
 .comment       0x0000000000000050       0x51 ./Core/Src/stm32f0xx_hal_msp.o
 .comment       0x0000000000000050       0x51 ./Core/Src/stm32f0xx_it.o
 .comment       0x0000000000000050       0x51 ./Core/Src/system_stm32f0xx.o
 .comment       0x0000000000000050       0x51 ./Drivers/STM32F0xx_HAL_Driver/Src/stm32f0xx_hal.o
 .comment       0x0000000000000050       0x51 ./Drivers/STM32F0xx_HAL_Driver/Src/stm32f0xx_hal_cortex.o
 .comment       0x0000000000000050       0x51 ./Drivers/STM32F0xx_HAL_Driver/Src/stm32f0xx_hal_dma.o
 .comment       0x0000000000000050       0x51 ./Drivers/STM32F0xx_HAL_Driver/Src/stm32f0xx_hal_gpio.o
 .comment       0x0000000000000050       0x51 ./Drivers/STM32F0xx_HAL_Driver/Src/stm32f0xx_hal_rcc.o
 .comment       0x0000000000000050       0x51 ./Drivers/STM32F0xx_HAL_Driver/Src/stm32f0xx_hal_spi.o
 .comment       0x0000000000000050       0x51 ./Drivers/STM32F0xx_HAL_Driver/Src/stm32f0xx_hal_tim.o
 .comment       0x0000000000000050       0x51 ./Drivers/STM32F0xx_HAL_Driver/Src/stm32f0xx_hal_tim_ex.o
 .comment       0x0000000000000050       0x51 ./Drivers/STM32F0xx_HAL_Driver/Src/stm32f0xx_hal_uart.o

.debug_frame    0x0000000000000000     0x2e14
 .debug_frame   0x0000000000000000      0x1a0 ./Core/Src/main.o
 .debug_frame   0x00000000000001a0       0xf0 ./Core/Src/stm32f0xx_hal_msp.o
 .debug_frame   0x0000000000000290      0x10c ./Core/Src/stm32f0xx_it.o
 .debug_frame   0x000000000000039c       0x4c ./Core/Src/system_stm32f0xx.o
 .debug_frame   0x00000000000003e8      0x248 ./Drivers/STM32F0xx_HAL_Driver/Src/stm32f0xx_hal.o
 .debug_frame   0x0000000000000630      0x2a0 ./Drivers/STM32F0xx_HAL_Driver/Src/stm32f0xx_hal_cortex.o
 .debug_frame   0x00000000000008d0      0x1d0 ./Drivers/STM32F0xx_HAL_Driver/Src/stm32f0xx_hal_dma.o
 .debug_frame   0x0000000000000aa0      0x110 ./Drivers/STM32F0xx_HAL_Driver/Src/stm32f0xx_hal_gpio.o
 .debug_frame   0x0000000000000bb0      0x194 ./Drivers/STM32F0xx_HAL_Driver/Src/stm32f0xx_hal_rcc.o
 .debug_frame   0x0000000000000d44      0x710 ./Drivers/STM32F0xx_HAL_Driver/Src/stm32f0xx_hal_spi.o
 .debug_frame   0x0000000000001454      0xd94 ./Drivers/STM32F0xx_HAL_Driver/Src/stm32f0xx_hal_tim.o
 .debug_frame   0x00000000000021e8      0x4b0 ./Drivers/STM32F0xx_HAL_Driver/Src/stm32f0xx_hal_tim_ex.o
 .debug_frame   0x0000000000002698      0x710 ./Drivers/STM32F0xx_HAL_Driver/Src/stm32f0xx_hal_uart.o
 .debug_frame   0x0000000000002da8       0x2c c:/st/stm32cubeide_1.10.1/stm32cubeide/plugins/com.st.stm32cube.ide.mcu.externaltools.gnu-tools-for-stm32.10.3-2021.10.win32_1.0.200.202301161003/tools/bin/../lib/gcc/arm-none-eabi/10.3.1/../../../../arm-none-eabi/lib/thumb/v6-m/nofp\libc_nano.a(lib_a-init.o)
 .debug_frame   0x0000000000002dd4       0x20 c:/st/stm32cubeide_1.10.1/stm32cubeide/plugins/com.st.stm32cube.ide.mcu.externaltools.gnu-tools-for-stm32.10.3-2021.10.win32_1.0.200.202301161003/tools/bin/../lib/gcc/arm-none-eabi/10.3.1/../../../../arm-none-eabi/lib/thumb/v6-m/nofp\libc_nano.a(lib_a-memset.o)
 .debug_frame   0x0000000000002df4       0x20 c:/st/stm32cubeide_1.10.1/stm32cubeide/plugins/com.st.stm32cube.ide.mcu.externaltools.gnu-tools-for-stm32.10.3-2021.10.win32_1.0.200.202301161003/tools/bin/../lib/gcc/arm-none-eabi/10.3.1/thumb/v6-m/nofp\libgcc.a(_udivsi3.o)
