../Core/Src/main.cpp:81:6:void HAL_UART_RxCpltCallback(UART_HandleTypeDef*)	16	static
../Core/Src/main.cpp:90:5:int main()	16	static
../Core/Src/main.cpp:171:6:void SystemClock_Config()	80	static
../Core/Src/main.cpp:208:13:void MX_SPI1_Init()	8	static
../Core/Src/main.cpp:248:13:void MX_TIM6_Init()	8	static
../Core/Src/main.cpp:278:13:void MX_USART2_UART_Init()	8	static
../Core/Src/main.cpp:311:13:void MX_DMA_Init()	16	static
../Core/Src/main.cpp:328:13:void MX_GPIO_Init()	48	static
../Core/Src/main.cpp:373:6:void Error_Handler()	8	static
