../Core/Src/main.cpp:201:5:int main()	16	static
../Core/Src/main.cpp:1553:6:void SystemClock_Config()	80	static
../Core/Src/main.cpp:1590:13:void MX_SPI1_Init()	8	static
../Core/Src/main.cpp:1630:13:void MX_TIM6_Init()	8	static
../Core/Src/main.cpp:1660:13:void MX_USART2_UART_Init()	8	static
../Core/Src/main.cpp:1693:13:void MX_DMA_Init()	16	static
../Core/Src/main.cpp:1710:13:void MX_GPIO_Init()	48	static
../Core/Src/main.cpp:1748:6:void HAL_UART_RxCpltCallback(UART_HandleTypeDef*)	16	static
../Core/Src/main.cpp:1762:6:void HAL_UART_TxCpltCallback(UART_HandleTypeDef*)	16	static
../Core/Src/main.cpp:1768:6:void HAL_UART_ErrorCallback(UART_HandleTypeDef*)	16	static
../Core/Src/main.cpp:1788:6:void HAL_SPI_TxRxCpltCallback(SPI_HandleTypeDef*)	16	static
../Core/Src/main.cpp:1808:6:void HAL_TIM_PeriodElapsedCallback(TIM_HandleTypeDef*)	16	static
../Core/Src/main.cpp:1828:6:void Error_Handler()	8	static
